Component: ARM Compiler 5.05 update 1 (build 106) Tool: armlink [4d0efa]

==============================================================================

Section Cross References

    startup_apm32f00x.o(STACK) refers (Special) to heapauxi.o(.text) for __use_two_region_memory
    startup_apm32f00x.o(HEAP) refers (Special) to heapauxi.o(.text) for __use_two_region_memory
    startup_apm32f00x.o(RESET) refers (Special) to heapauxi.o(.text) for __use_two_region_memory
    startup_apm32f00x.o(RESET) refers to startup_apm32f00x.o(STACK) for __initial_sp
    startup_apm32f00x.o(RESET) refers to startup_apm32f00x.o(.text) for Reset_Handler
    startup_apm32f00x.o(RESET) refers to apm32f00x_int.o(i.NMI_Handler) for NMI_Handler
    startup_apm32f00x.o(RESET) refers to apm32f00x_int.o(i.HardFault_Handler) for HardFault_Handler
    startup_apm32f00x.o(RESET) refers to apm32f00x_int.o(i.SVC_Handler) for SVC_Handler
    startup_apm32f00x.o(RESET) refers to apm32f00x_int.o(i.PendSV_Handler) for PendSV_Handler
    startup_apm32f00x.o(RESET) refers to apm32f00x_int.o(i.SysTick_Handler) for SysTick_Handler
    startup_apm32f00x.o(RESET) refers to apm32f00x_int.o(i.EINTD_IRQHandler) for EINTD_IRQHandler
    startup_apm32f00x.o(RESET) refers to apm32f00x_int.o(i.USART2_TX_IRQHandler) for USART2_TX_IRQHandler
    startup_apm32f00x.o(RESET) refers to apm32f00x_int.o(i.USART2_RX_IRQHandler) for USART2_RX_IRQHandler
    startup_apm32f00x.o(.text) refers (Special) to heapauxi.o(.text) for __use_two_region_memory
    startup_apm32f00x.o(.text) refers to startup_apm32f00x.o(STACK) for __initial_sp
    startup_apm32f00x.o(.text) refers to system_apm32f00x.o(i.SystemInit) for SystemInit
    startup_apm32f00x.o(.text) refers to __main.o(!!!main) for __main
    startup_apm32f00x.o(.text) refers to startup_apm32f00x.o(HEAP) for Heap_Mem
    apm32f00x_rcm.o(i.RCM_GetMasterClockFreq) refers to aeabi_sdiv.o(.text) for __aeabi_uidivmod
    apm32f00x_adc.o(i.ADC_Config) refers to apm32f00x_adc.o(i.ADC_SetChannel) for ADC_SetChannel
    apm32f00x_buzzer.o(i.BUZZER_CalibrationLIRC) refers to aeabi_sdiv.o(.text) for __aeabi_uidivmod
    apm32f00x_fmc.o(i.FMC_ConfigOptionByteAFR) refers to apm32f00x_fmc.o(i.FMC_WaitForReady) for FMC_WaitForReady
    apm32f00x_fmc.o(i.FMC_ConfigOptionByteClk) refers to apm32f00x_fmc.o(i.FMC_WaitForReady) for FMC_WaitForReady
    apm32f00x_fmc.o(i.FMC_ConfigOptionByteHXTCNT) refers to apm32f00x_fmc.o(i.FMC_WaitForReady) for FMC_WaitForReady
    apm32f00x_fmc.o(i.FMC_ConfigOptionByteUser) refers to apm32f00x_fmc.o(i.FMC_WaitForReady) for FMC_WaitForReady
    apm32f00x_fmc.o(i.FMC_ConfigReadOutProtection) refers to apm32f00x_fmc.o(i.FMC_WaitForReady) for FMC_WaitForReady
    apm32f00x_fmc.o(i.FMC_EnableWriteProtection) refers to apm32f00x_fmc.o(i.FMC_WaitForReady) for FMC_WaitForReady
    apm32f00x_fmc.o(i.FMC_EraseAllPages) refers to apm32f00x_fmc.o(i.FMC_WaitForReady) for FMC_WaitForReady
    apm32f00x_fmc.o(i.FMC_EraseOptionByte) refers to apm32f00x_fmc.o(i.FMC_WaitForReady) for FMC_WaitForReady
    apm32f00x_fmc.o(i.FMC_ErasePage) refers to apm32f00x_fmc.o(i.FMC_WaitForReady) for FMC_WaitForReady
    apm32f00x_fmc.o(i.FMC_ProgramHalfWord) refers to apm32f00x_fmc.o(i.FMC_WaitForReady) for FMC_WaitForReady
    apm32f00x_fmc.o(i.FMC_ProgramOptionByte) refers to apm32f00x_fmc.o(i.FMC_WaitForReady) for FMC_WaitForReady
    apm32f00x_fmc.o(i.FMC_ProgramWord) refers to apm32f00x_fmc.o(i.FMC_WaitForReady) for FMC_WaitForReady
    apm32f00x_fmc.o(i.FMC_WaitForReady) refers to apm32f00x_fmc.o(i.FMC_ReadState) for FMC_ReadState
    apm32f00x_i2c.o(i.I2C_Config) refers to aeabi_sdiv.o(.text) for __aeabi_uidivmod
    apm32f00x_tmr1.o(i.TMR1_ConfigExternalClockMode1) refers to apm32f00x_tmr1.o(i.TMR1_ConfigInputCapture1) for TMR1_ConfigInputCapture1
    apm32f00x_tmr1.o(i.TMR1_ConfigExternalClockMode1) refers to apm32f00x_tmr1.o(i.TMR1_ConfigInputCapture2) for TMR1_ConfigInputCapture2
    apm32f00x_tmr1.o(i.TMR1_ConfigExternalClockMode2) refers to apm32f00x_tmr1.o(i.TMR1_ConfigExternalTrigger) for TMR1_ConfigExternalTrigger
    apm32f00x_tmr1.o(i.TMR1_ConfigInputCapture) refers to apm32f00x_tmr1.o(i.TMR1_EnableChannel) for TMR1_EnableChannel
    apm32f00x_tmr1.o(i.TMR1_ConfigInputCapture) refers to apm32f00x_tmr1.o(i.TMR1_ConfigInputCapture1) for TMR1_ConfigInputCapture1
    apm32f00x_tmr1.o(i.TMR1_ConfigInputCapture) refers to apm32f00x_tmr1.o(i.TMR1_ConfigInputCapture2) for TMR1_ConfigInputCapture2
    apm32f00x_tmr1.o(i.TMR1_ConfigInputCapture) refers to apm32f00x_tmr1.o(i.TMR1_ConfigInputCapture3) for TMR1_ConfigInputCapture3
    apm32f00x_tmr1.o(i.TMR1_ConfigInputCapture) refers to apm32f00x_tmr1.o(i.TMR1_ConfigInputCapture4) for TMR1_ConfigInputCapture4
    apm32f00x_tmr1.o(i.TMR1_ConfigInputPWM) refers to apm32f00x_tmr1.o(i.TMR1_ConfigInputCapture1) for TMR1_ConfigInputCapture1
[...]
    Removing apm32f00x_fmc.o(i.FMC_EnableHlafCycleAccess), (16 bytes).
    Removing apm32f00x_fmc.o(i.FMC_EnableInterrupt), (16 bytes).
    Removing apm32f00x_fmc.o(i.FMC_EnablePowerDownActHaltMode), (16 bytes).
    Removing apm32f00x_fmc.o(i.FMC_EnablePowerDownHaltMode), (16 bytes).
    Removing apm32f00x_fmc.o(i.FMC_EnablePrefetchBuffer), (16 bytes).
    Removing apm32f00x_fmc.o(i.FMC_EnableWriteProtection), (100 bytes).
    Removing apm32f00x_fmc.o(i.FMC_EraseAllPages), (52 bytes).
    Removing apm32f00x_fmc.o(i.FMC_ErasePage), (56 bytes).
    Removing apm32f00x_fmc.o(i.FMC_ProgramHalfWord), (52 bytes).
    Removing apm32f00x_fmc.o(i.FMC_ProgramOptionByte), (68 bytes).
    Removing apm32f00x_fmc.o(i.FMC_ProgramWord), (68 bytes).
    Removing apm32f00x_fmc.o(i.FMC_ReadOptionByteUser), (12 bytes).
    Removing apm32f00x_fmc.o(i.FMC_ReadOptionByteWriteProtection), (12 bytes).
    Removing apm32f00x_fmc.o(i.FMC_ReadPrefetchBufferStatus), (20 bytes).
    Removing apm32f00x_fmc.o(i.FMC_ReadProtectionStatus), (20 bytes).
    Removing apm32f00x_fmc.o(i.FMC_ReadStatusFlag), (28 bytes).
    Removing apm32f00x_fmc.o(i.FMC_SetLatency), (24 bytes).
    Removing apm32f00x_fmc.o(i.FMC_SetPowerOnTime), (12 bytes).
    Removing apm32f00x_i2c.o(.rev16_text), (4 bytes).
    Removing apm32f00x_i2c.o(.revsh_text), (4 bytes).
    Removing apm32f00x_i2c.o(i.I2C_ClearIntFlag), (20 bytes).
    Removing apm32f00x_i2c.o(i.I2C_ClearStatusFlag), (24 bytes).
    Removing apm32f00x_i2c.o(i.I2C_Config), (268 bytes).
    Removing apm32f00x_i2c.o(i.I2C_ConfigAcknowledge), (40 bytes).
    Removing apm32f00x_i2c.o(i.I2C_ConfigDutyCycle), (24 bytes).
    Removing apm32f00x_i2c.o(i.I2C_ConfigStructInit), (28 bytes).
    Removing apm32f00x_i2c.o(i.I2C_Disable), (16 bytes).
    Removing apm32f00x_i2c.o(i.I2C_DisableBroadcastCall), (16 bytes).
    Removing apm32f00x_i2c.o(i.I2C_DisableGenerateStart), (16 bytes).
    Removing apm32f00x_i2c.o(i.I2C_DisableGenerateStop), (16 bytes).
    Removing apm32f00x_i2c.o(i.I2C_DisableInterrupt), (16 bytes).
    Removing apm32f00x_i2c.o(i.I2C_DisableSoftwareReset), (16 bytes).
    Removing apm32f00x_i2c.o(i.I2C_DisableStretchClock), (16 bytes).
    Removing apm32f00x_i2c.o(i.I2C_Enable), (16 bytes).
    Removing apm32f00x_i2c.o(i.I2C_EnableBroadcastCall), (16 bytes).
    Removing apm32f00x_i2c.o(i.I2C_EnableGenerateStart), (16 bytes).
    Removing apm32f00x_i2c.o(i.I2C_EnableGenerateStop), (16 bytes).
    Removing apm32f00x_i2c.o(i.I2C_EnableInterrupt), (16 bytes).
    Removing apm32f00x_i2c.o(i.I2C_EnableSoftwareReset), (16 bytes).
    Removing apm32f00x_i2c.o(i.I2C_EnableStretchClock), (16 bytes).
    Removing apm32f00x_i2c.o(i.I2C_ReadIntFlag), (52 bytes).
    Removing apm32f00x_i2c.o(i.I2C_ReadStatusFlag), (68 bytes).
    Removing apm32f00x_i2c.o(i.I2C_Reset), (32 bytes).
    Removing apm32f00x_i2c.o(i.I2C_RxData), (12 bytes).
    Removing apm32f00x_i2c.o(i.I2C_TxAddress7Bit), (16 bytes).
    Removing apm32f00x_i2c.o(i.I2C_TxData), (12 bytes).
    Removing apm32f00x_iwdt.o(.rev16_text), (4 bytes).
    Removing apm32f00x_iwdt.o(.revsh_text), (4 bytes).
    Removing apm32f00x_iwdt.o(i.IWDT_DisableWriteAccess), (12 bytes).
    Removing apm32f00x_iwdt.o(i.IWDT_Enable), (12 bytes).
    Removing apm32f00x_iwdt.o(i.IWDT_EnableWriteAccess), (12 bytes).
    Removing apm32f00x_iwdt.o(i.IWDT_ReloadCounter), (12 bytes).
    Removing apm32f00x_iwdt.o(i.IWDT_SetDivider), (12 bytes).
    Removing apm32f00x_iwdt.o(i.IWDT_SetReloadCounter), (12 bytes).
    Removing apm32f00x_misc.o(.rev16_text), (4 bytes).
    Removing apm32f00x_misc.o(.revsh_text), (4 bytes).
    Removing apm32f00x_misc.o(i.NVIC_DisableIRQRequest), (32 bytes).
    Removing apm32f00x_misc.o(i.NVIC_EnableIRQRequest), (92 bytes).
    Removing apm32f00x_misc.o(i.PMU_EnterHaltModeWFE), (24 bytes).
    Removing apm32f00x_misc.o(i.PMU_EnterHaltModeWFI), (24 bytes).
    Removing apm32f00x_misc.o(i.PMU_EnterWaitMode), (20 bytes).
    Removing apm32f00x_spi.o(.rev16_text), (4 bytes).
    Removing apm32f00x_spi.o(.revsh_text), (4 bytes).
    Removing apm32f00x_spi.o(i.SPI_ClearIntFlag), (16 bytes).
    Removing apm32f00x_spi.o(i.SPI_ClearStatusFlag), (16 bytes).
    Removing apm32f00x_spi.o(i.SPI_Config), (140 bytes).
    Removing apm32f00x_spi.o(i.SPI_ConfigMode), (36 bytes).
    Removing apm32f00x_spi.o(i.SPI_ConfigStructInit), (22 bytes).
    Removing apm32f00x_spi.o(i.SPI_Disable), (16 bytes).
    Removing apm32f00x_spi.o(i.SPI_DisableCRC), (16 bytes).
    Removing apm32f00x_spi.o(i.SPI_DisableInterrupt), (16 bytes).
    Removing apm32f00x_spi.o(i.SPI_DisableSlaveSoftwareControl), (16 bytes).
    Removing apm32f00x_spi.o(i.SPI_Enable), (16 bytes).
    Removing apm32f00x_spi.o(i.SPI_EnableCRC), (16 bytes).
    Removing apm32f00x_spi.o(i.SPI_EnableInterrupt), (16 bytes).
    Removing apm32f00x_spi.o(i.SPI_EnableSlaveSoftwareControl), (16 bytes).
    Removing apm32f00x_spi.o(i.SPI_ReadCRCPolynomial), (12 bytes).
    Removing apm32f00x_spi.o(i.SPI_ReadIntFlag), (36 bytes).
    Removing apm32f00x_spi.o(i.SPI_ReadRxCRC), (12 bytes).
    Removing apm32f00x_spi.o(i.SPI_ReadStatusFlag), (24 bytes).
    Removing apm32f00x_spi.o(i.SPI_ReadTxCRC), (12 bytes).
    Removing apm32f00x_spi.o(i.SPI_Reset), (24 bytes).
    Removing apm32f00x_spi.o(i.SPI_RxData), (12 bytes).
    Removing apm32f00x_spi.o(i.SPI_SetCRCPolynomial), (12 bytes).
    Removing apm32f00x_spi.o(i.SPI_TxCRC), (16 bytes).
    Removing apm32f00x_spi.o(i.SPI_TxData), (12 bytes).
    Removing apm32f00x_tmr1.o(.rev16_text), (4 bytes).
    Removing apm32f00x_tmr1.o(.revsh_text), (4 bytes).
    Removing apm32f00x_tmr1.o(i.TMR1_ClearIntFlag), (8 bytes).
    Removing apm32f00x_tmr1.o(i.TMR1_ClearStatusFlag), (26 bytes).
    Removing apm32f00x_tmr1.o(i.TMR1_ConfigBreakPolarity), (16 bytes).
    Removing apm32f00x_tmr1.o(i.TMR1_ConfigCCUpdateSource), (16 bytes).
    Removing apm32f00x_tmr1.o(i.TMR1_ConfigCountMode), (32 bytes).
    Removing apm32f00x_tmr1.o(i.TMR1_ConfigEncodeInterface), (70 bytes).
    Removing apm32f00x_tmr1.o(i.TMR1_ConfigExternalClockMode1), (60 bytes).
    Removing apm32f00x_tmr1.o(i.TMR1_ConfigExternalClockMode2), (18 bytes).
    Removing apm32f00x_tmr1.o(i.TMR1_ConfigExternalTrigger), (46 bytes).
    Removing apm32f00x_tmr1.o(i.TMR1_ConfigInputCapture), (102 bytes).
    Removing apm32f00x_tmr1.o(i.TMR1_ConfigInputCapture1), (70 bytes).
    Removing apm32f00x_tmr1.o(i.TMR1_ConfigInputCapture2), (70 bytes).
    Removing apm32f00x_tmr1.o(i.TMR1_ConfigInputCapture3), (70 bytes).
    Removing apm32f00x_tmr1.o(i.TMR1_ConfigInputCapture4), (70 bytes).
    Removing apm32f00x_tmr1.o(i.TMR1_ConfigInputPWM), (106 bytes).
    Removing apm32f00x_tmr1.o(i.TMR1_ConfigInputTrigger), (16 bytes).
    Removing apm32f00x_tmr1.o(i.TMR1_ConfigMasterMode), (16 bytes).
    Removing apm32f00x_tmr1.o(i.TMR1_ConfigOutputComare1), (124 bytes).
    Removing apm32f00x_tmr1.o(i.TMR1_ConfigOutputComare2), (124 bytes).
    Removing apm32f00x_tmr1.o(i.TMR1_ConfigOutputComare3), (76 bytes).
    Removing apm32f00x_tmr1.o(i.TMR1_ConfigOutputComare4), (76 bytes).
    Removing apm32f00x_tmr1.o(i.TMR1_ConfigOutputCompare), (70 bytes).
    Removing apm32f00x_tmr1.o(i.TMR1_ConfigOutputCompareComplementPolarity), (42 bytes).
    Removing apm32f00x_tmr1.o(i.TMR1_ConfigOutputCompareMode), (60 bytes).
    Removing apm32f00x_tmr1.o(i.TMR1_ConfigOutputComparePolarity), (68 bytes).
    Removing apm32f00x_tmr1.o(i.TMR1_ConfigProtectionLevel), (16 bytes).
    Removing apm32f00x_tmr1.o(i.TMR1_ConfigSlaveMode), (16 bytes).
    Removing apm32f00x_tmr1.o(i.TMR1_ConfigTimeBaseStructInit), (14 bytes).
    Removing apm32f00x_tmr1.o(i.TMR1_ConfigTimerBase), (68 bytes).
    Removing apm32f00x_tmr1.o(i.TMR1_ConfigUpdate), (32 bytes).
    Removing apm32f00x_tmr1.o(i.TMR1_Disable), (10 bytes).
    Removing apm32f00x_tmr1.o(i.TMR1_DisableAutoReloadBuffer), (10 bytes).
    Removing apm32f00x_tmr1.o(i.TMR1_DisableAutomaticOutput), (10 bytes).
    Removing apm32f00x_tmr1.o(i.TMR1_DisableBreak), (10 bytes).
    Removing apm32f00x_tmr1.o(i.TMR1_DisableChannel), (20 bytes).
    Removing apm32f00x_tmr1.o(i.TMR1_DisableCompareCapture), (50 bytes).
    Removing apm32f00x_tmr1.o(i.TMR1_DisableCompareCaptureBuffer), (10 bytes).
    Removing apm32f00x_tmr1.o(i.TMR1_DisableCompareCaptureComplement), (26 bytes).
    Removing apm32f00x_tmr1.o(i.TMR1_DisableInterrupt), (8 bytes).
    Removing apm32f00x_tmr1.o(i.TMR1_DisableMasterMode), (10 bytes).
    Removing apm32f00x_tmr1.o(i.TMR1_DisableOutputCompareBuffer), (46 bytes).
    Removing apm32f00x_tmr1.o(i.TMR1_DisableOutputCompareFastMode), (46 bytes).
    Removing apm32f00x_tmr1.o(i.TMR1_DisableOutputPWM), (10 bytes).
    Removing apm32f00x_tmr1.o(i.TMR1_DisableSinglePulseMode), (10 bytes).
    Removing apm32f00x_tmr1.o(i.TMR1_Enable), (10 bytes).
    Removing apm32f00x_tmr1.o(i.TMR1_EnableAutoReloadBuffer), (10 bytes).
    Removing apm32f00x_tmr1.o(i.TMR1_EnableAutomaticOutput), (10 bytes).
    Removing apm32f00x_tmr1.o(i.TMR1_EnableBreak), (10 bytes).
    Removing apm32f00x_tmr1.o(i.TMR1_EnableChannel), (20 bytes).
    Removing apm32f00x_tmr1.o(i.TMR1_EnableCompareCapture), (52 bytes).
    Removing apm32f00x_tmr1.o(i.TMR1_EnableCompareCaptureBuffer), (10 bytes).
    Removing apm32f00x_tmr1.o(i.TMR1_EnableCompareCaptureComplement), (26 bytes).
    Removing apm32f00x_tmr1.o(i.TMR1_EnableInterrupt), (8 bytes).
    Removing apm32f00x_tmr1.o(i.TMR1_EnableMasterMode), (10 bytes).
    Removing apm32f00x_tmr1.o(i.TMR1_EnableOutputCompareBuffer), (46 bytes).
    Removing apm32f00x_tmr1.o(i.TMR1_EnableOutputCompareFastMode), (46 bytes).
    Removing apm32f00x_tmr1.o(i.TMR1_EnableOutputPWM), (10 bytes).
    Removing apm32f00x_tmr1.o(i.TMR1_EnableSinglePulseMode), (10 bytes).
    Removing apm32f00x_tmr1.o(i.TMR1_GenerateEvent), (4 bytes).
    Removing apm32f00x_tmr1.o(i.TMR1_ICStructInit), (16 bytes).
    Removing apm32f00x_tmr1.o(i.TMR1_OCStructInit), (26 bytes).
    Removing apm32f00x_tmr1.o(i.TMR1_ReadCapture1), (14 bytes).
    Removing apm32f00x_tmr1.o(i.TMR1_ReadCapture2), (14 bytes).
    Removing apm32f00x_tmr1.o(i.TMR1_ReadCapture3), (14 bytes).
    Removing apm32f00x_tmr1.o(i.TMR1_ReadCapture4), (14 bytes).
    Removing apm32f00x_tmr1.o(i.TMR1_ReadCompareCapture), (38 bytes).
    Removing apm32f00x_tmr1.o(i.TMR1_ReadCounter), (14 bytes).
    Removing apm32f00x_tmr1.o(i.TMR1_ReadDivider), (14 bytes).
    Removing apm32f00x_tmr1.o(i.TMR1_ReadIntFlag), (24 bytes).
    Removing apm32f00x_tmr1.o(i.TMR1_ReadStatusFlag), (42 bytes).
    Removing apm32f00x_tmr1.o(i.TMR1_Reset), (100 bytes).
    Removing apm32f00x_tmr1.o(i.TMR1_SelectOffStateInIdleMode), (16 bytes).
    Removing apm32f00x_tmr1.o(i.TMR1_SelectOffStateInRunMode), (16 bytes).
    Removing apm32f00x_tmr1.o(i.TMR1_SetAutoReloadVaue), (10 bytes).
    Removing apm32f00x_tmr1.o(i.TMR1_SetCompareCapture), (42 bytes).
    Removing apm32f00x_tmr1.o(i.TMR1_SetCounter), (10 bytes).
    Removing apm32f00x_tmr1.o(i.TMR1_SetDeadTime), (4 bytes).
    Removing apm32f00x_tmr1.o(i.TMR1_SetDivider), (10 bytes).
    Removing apm32f00x_tmr1.o(i.TMR1_SetInputCaptureDivider), (60 bytes).
    Removing apm32f00x_tmr2.o(.rev16_text), (4 bytes).
    Removing apm32f00x_tmr2.o(.revsh_text), (4 bytes).
    Removing apm32f00x_tmr2.o(i.TMR2_ClearIntFlag), (16 bytes).
    Removing apm32f00x_tmr2.o(i.TMR2_ClearStatusFlag), (32 bytes).
    Removing apm32f00x_tmr2.o(i.TMR2_ConfigInputCapture), (60 bytes).
    Removing apm32f00x_tmr2.o(i.TMR2_ConfigInputCapture1), (76 bytes).
    Removing apm32f00x_tmr2.o(i.TMR2_ConfigInputCapture2), (76 bytes).
    Removing apm32f00x_tmr2.o(i.TMR2_ConfigInputCapture3), (76 bytes).
    Removing apm32f00x_tmr2.o(i.TMR2_ConfigInputPWM), (78 bytes).
    Removing apm32f00x_tmr2.o(i.TMR2_ConfigInputTrigger), (24 bytes).
    Removing apm32f00x_tmr2.o(i.TMR2_ConfigMasterMode), (24 bytes).
    Removing apm32f00x_tmr2.o(i.TMR2_ConfigOutputCompareMode), (56 bytes).
    Removing apm32f00x_tmr2.o(i.TMR2_ConfigOutputComparePolarity), (60 bytes).
    Removing apm32f00x_tmr2.o(i.TMR2_ConfigSlaveMode), (24 bytes).
    Removing apm32f00x_tmr2.o(i.TMR2_ConfigUpdate), (40 bytes).
    Removing apm32f00x_tmr2.o(i.TMR2_Disable), (16 bytes).
    Removing apm32f00x_tmr2.o(i.TMR2_DisableAutoReloadBuffer), (16 bytes).
    Removing apm32f00x_tmr2.o(i.TMR2_DisableCompareCapture), (44 bytes).
    Removing apm32f00x_tmr2.o(i.TMR2_DisableInterrupt), (16 bytes).
    Removing apm32f00x_tmr2.o(i.TMR2_DisableMasterMode), (16 bytes).
    Removing apm32f00x_tmr2.o(i.TMR2_DisableOutputCompareBuffer), (44 bytes).
    Removing apm32f00x_tmr2.o(i.TMR2_DisableSinglePulseMode), (16 bytes).
    Removing apm32f00x_tmr2.o(i.TMR2_EnableAutoReloadBuffer), (16 bytes).
    Removing apm32f00x_tmr2.o(i.TMR2_EnableCompareCapture), (48 bytes).
    Removing apm32f00x_tmr2.o(i.TMR2_EnableInterrupt), (16 bytes).
    Removing apm32f00x_tmr2.o(i.TMR2_EnableMasterMode), (16 bytes).
    Removing apm32f00x_tmr2.o(i.TMR2_EnableOutputCompareBuffer), (44 bytes).
    Removing apm32f00x_tmr2.o(i.TMR2_EnableSinglePulseMode), (16 bytes).
    Removing apm32f00x_tmr2.o(i.TMR2_GenerateEvent), (12 bytes).
    Removing apm32f00x_tmr2.o(i.TMR2_ICStructInit), (16 bytes).
    Removing apm32f00x_tmr2.o(i.TMR2_OCStructInit), (18 bytes).
    Removing apm32f00x_tmr2.o(i.TMR2_ReadCapture1), (20 bytes).
    Removing apm32f00x_tmr2.o(i.TMR2_ReadCapture2), (20 bytes).
    Removing apm32f00x_tmr2.o(i.TMR2_ReadCapture3), (20 bytes).
    Removing apm32f00x_tmr2.o(i.TMR2_ReadCompareCapture), (28 bytes).
    Removing apm32f00x_tmr2.o(i.TMR2_ReadCounter), (20 bytes).
    Removing apm32f00x_tmr2.o(i.TMR2_ReadDivider), (12 bytes).
    Removing apm32f00x_tmr2.o(i.TMR2_ReadIntFlag), (32 bytes).
    Removing apm32f00x_tmr2.o(i.TMR2_ReadStatusFlag), (48 bytes).
    Removing apm32f00x_tmr2.o(i.TMR2_Reset), (72 bytes).
    Removing apm32f00x_tmr2.o(i.TMR2_SetAutoReloadVaue), (20 bytes).
    Removing apm32f00x_tmr2.o(i.TMR2_SetCompareCapture), (40 bytes).
    Removing apm32f00x_tmr2.o(i.TMR2_SetCounter), (16 bytes).
    Removing apm32f00x_tmr2.o(i.TMR2_SetDivider), (16 bytes).
    Removing apm32f00x_tmr2.o(i.TMR2_SetInputCaptureDivider), (56 bytes).
    Removing apm32f00x_tmr4.o(.rev16_text), (4 bytes).
    Removing apm32f00x_tmr4.o(.revsh_text), (4 bytes).
    Removing apm32f00x_tmr4.o(i.TMR4_ClearIntFlag), (16 bytes).
    Removing apm32f00x_tmr4.o(i.TMR4_ClearStatusFlag), (16 bytes).
    Removing apm32f00x_tmr4.o(i.TMR4_ConfigInputTrigger), (24 bytes).
    Removing apm32f00x_tmr4.o(i.TMR4_ConfigMasterMode), (24 bytes).
    Removing apm32f00x_tmr4.o(i.TMR4_ConfigSlaveMode), (24 bytes).
    Removing apm32f00x_tmr4.o(i.TMR4_ConfigTimerBase), (12 bytes).
    Removing apm32f00x_tmr4.o(i.TMR4_ConfigUpdate), (40 bytes).
    Removing apm32f00x_tmr4.o(i.TMR4_Disable), (16 bytes).
    Removing apm32f00x_tmr4.o(i.TMR4_DisableAutoReloadBuffer), (16 bytes).
    Removing apm32f00x_tmr4.o(i.TMR4_DisableInterrupt), (16 bytes).
    Removing apm32f00x_tmr4.o(i.TMR4_DisableMasterMode), (16 bytes).
    Removing apm32f00x_tmr4.o(i.TMR4_DisableSinglePulseMode), (16 bytes).
    Removing apm32f00x_tmr4.o(i.TMR4_Enable), (16 bytes).
    Removing apm32f00x_tmr4.o(i.TMR4_EnableAutoReloadBuffer), (16 bytes).
    Removing apm32f00x_tmr4.o(i.TMR4_EnableInterrupt), (16 bytes).
    Removing apm32f00x_tmr4.o(i.TMR4_EnableMasterMode), (16 bytes).
    Removing apm32f00x_tmr4.o(i.TMR4_EnableSinglePulseMode), (16 bytes).
    Removing apm32f00x_tmr4.o(i.TMR4_GenerateEvent), (12 bytes).
    Removing apm32f00x_tmr4.o(i.TMR4_ReadCounter), (12 bytes).
    Removing apm32f00x_tmr4.o(i.TMR4_ReadDivider), (12 bytes).
    Removing apm32f00x_tmr4.o(i.TMR4_ReadIntFlag), (32 bytes).
    Removing apm32f00x_tmr4.o(i.TMR4_ReadStatusFlag), (24 bytes).
    Removing apm32f00x_tmr4.o(i.TMR4_Reset), (28 bytes).
    Removing apm32f00x_tmr4.o(i.TMR4_SetAutoReloadVaue), (12 bytes).
    Removing apm32f00x_tmr4.o(i.TMR4_SetCounter), (12 bytes).
    Removing apm32f00x_tmr4.o(i.TMR4_SetDivider), (16 bytes).
    Removing apm32f00x_usart.o(.rev16_text), (4 bytes).
    Removing apm32f00x_usart.o(.revsh_text), (4 bytes).
    Removing apm32f00x_usart.o(i.USART_Address), (16 bytes).
    Removing apm32f00x_usart.o(i.USART_ClearIntFlag), (24 bytes).
    Removing apm32f00x_usart.o(i.USART_ClearStatusFlag), (28 bytes).
    Removing apm32f00x_usart.o(i.USART_Config), (176 bytes).
    Removing apm32f00x_usart.o(i.USART_ConfigDivNumber), (12 bytes).
    Removing apm32f00x_usart.o(i.USART_ConfigGuardTime), (12 bytes).
    Removing apm32f00x_usart.o(i.USART_ConfigIrDA), (16 bytes).
    Removing apm32f00x_usart.o(i.USART_ConfigLINBreakDetectLength), (16 bytes).
    Removing apm32f00x_usart.o(i.USART_ConfigMuteModeWakeUp), (16 bytes).
    Removing apm32f00x_usart.o(i.USART_ConfigStructInit), (22 bytes).
    Removing apm32f00x_usart.o(i.USART_ConfigSyncClock), (66 bytes).
    Removing apm32f00x_usart.o(i.USART_ConfigSyncClockStructInit), (14 bytes).
    Removing apm32f00x_usart.o(i.USART_Disable), (10 bytes).
    Removing apm32f00x_usart.o(i.USART_DisableHalfDuplex), (10 bytes).
    Removing apm32f00x_usart.o(i.USART_DisableIrDA), (10 bytes).
    Removing apm32f00x_usart.o(i.USART_DisableLIN), (10 bytes).
    Removing apm32f00x_usart.o(i.USART_DisableMuteMode), (10 bytes).
    Removing apm32f00x_usart.o(i.USART_DisableSmartCard), (10 bytes).
    Removing apm32f00x_usart.o(i.USART_DisableSmartCardNACK), (10 bytes).
    Removing apm32f00x_usart.o(i.USART_Enable), (10 bytes).
    Removing apm32f00x_usart.o(i.USART_EnableHalfDuplex), (10 bytes).
    Removing apm32f00x_usart.o(i.USART_EnableInterrupt), (48 bytes).
    Removing apm32f00x_usart.o(i.USART_EnableIrDA), (10 bytes).
    Removing apm32f00x_usart.o(i.USART_EnableLIN), (10 bytes).
    Removing apm32f00x_usart.o(i.USART_EnableMuteMode), (10 bytes).
    Removing apm32f00x_usart.o(i.USART_EnableSmartCard), (10 bytes).
    Removing apm32f00x_usart.o(i.USART_EnableSmartCardNACK), (10 bytes).
    Removing apm32f00x_usart.o(i.USART_ReadStatusFlag), (42 bytes).
    Removing apm32f00x_usart.o(i.USART_Reset), (48 bytes).
    Removing apm32f00x_usart.o(i.USART_RxData9), (16 bytes).
    Removing apm32f00x_usart.o(i.USART_TxBreak), (10 bytes).
    Removing apm32f00x_usart.o(i.USART_TxData9), (30 bytes).
    Removing apm32f00x_wupt.o(.rev16_text), (4 bytes).
    Removing apm32f00x_wupt.o(.revsh_text), (4 bytes).
    Removing apm32f00x_wupt.o(i.WUPT_CalibrationLIRC), (52 bytes).
    Removing apm32f00x_wupt.o(i.WUPT_Config), (36 bytes).
    Removing apm32f00x_wupt.o(i.WUPT_Disable), (16 bytes).
    Removing apm32f00x_wupt.o(i.WUPT_DisableLIRCMeasurement), (16 bytes).
    Removing apm32f00x_wupt.o(i.WUPT_Enable), (16 bytes).
    Removing apm32f00x_wupt.o(i.WUPT_EnableLIRCMeasurement), (16 bytes).
    Removing apm32f00x_wupt.o(i.WUPT_EnterIdleMode), (20 bytes).
    Removing apm32f00x_wupt.o(i.WUPT_ReadIntFlag), (20 bytes).
    Removing apm32f00x_wupt.o(i.WUPT_Reset), (20 bytes).
    Removing apm32f00x_wupt.o(.constdata), (34 bytes).
    Removing apm32f00x_wwdt.o(.rev16_text), (4 bytes).
    Removing apm32f00x_wwdt.o(.revsh_text), (4 bytes).
    Removing apm32f00x_wwdt.o(i.WWDT_Config), (28 bytes).
    Removing apm32f00x_wwdt.o(i.WWDT_ReadCounter), (16 bytes).
    Removing apm32f00x_wwdt.o(i.WWDT_SetCounter), (16 bytes).
    Removing apm32f00x_wwdt.o(i.WWDT_SetWindowData), (20 bytes).
    Removing apm32f00x_wwdt.o(i.WWDT_SoftwareReset), (12 bytes).
    Removing board.o(.rev16_text), (4 bytes).
    Removing board.o(.revsh_text), (4 bytes).
    Removing board.o(i.APM_MINI_COMInit), (80 bytes).
    Removing board.o(i.APM_MINI_LEDOff), (24 bytes).
    Removing board.o(i.APM_MINI_LEDOn), (24 bytes).
    Removing board.o(i.APM_MINI_PBInit), (64 bytes).
    Removing eint.o(.rev16_text), (4 bytes).
    Removing eint.o(.revsh_text), (4 bytes).
    Removing eint.o(i.GPIOA_Init), (30 bytes).
    Removing flash.o(.rev16_text), (4 bytes).
    Removing flash.o(.revsh_text), (4 bytes).
    Removing flash.o(i.FLASH_Read), (26 bytes).
    Removing flash.o(i.FLASH_Write), (48 bytes).
    Removing i2c.o(.rev16_text), (4 bytes).
    Removing i2c.o(.revsh_text), (4 bytes).
    Removing i2c.o(i.I2C_Init), (44 bytes).
    Removing key.o(.rev16_text), (4 bytes).
    Removing key.o(.revsh_text), (4 bytes).
    Removing key.o(i.KEY_Init), (2 bytes).
    Removing lis3dhtr.o(.rev16_text), (4 bytes).
    Removing lis3dhtr.o(.revsh_text), (4 bytes).
    Removing lis3dhtr.o(i.LIS3DH_FIFOModeEnable), (330 bytes).
    Removing lis3dhtr.o(i.LIS3DH_Get6DPosition), (86 bytes).
    Removing lis3dhtr.o(i.LIS3DH_GetAccAxesRaw), (110 bytes).
    Removing lis3dhtr.o(i.LIS3DH_GetAuxRaw), (122 bytes).
    Removing lis3dhtr.o(i.LIS3DH_GetClickResponse), (152 bytes).
    Removing lis3dhtr.o(i.LIS3DH_GetFifoSourceBit), (86 bytes).
    Removing lis3dhtr.o(i.LIS3DH_GetFifoSourceFSS), (32 bytes).
    Removing lis3dhtr.o(i.LIS3DH_GetFifoSourceReg), (18 bytes).
    Removing lis3dhtr.o(i.LIS3DH_GetInt1Src), (18 bytes).
    Removing lis3dhtr.o(i.LIS3DH_GetInt1SrcBit), (130 bytes).
    Removing lis3dhtr.o(i.LIS3DH_GetStatusAUX), (18 bytes).
    Removing lis3dhtr.o(i.LIS3DH_GetStatusAUXBit), (144 bytes).
    Removing lis3dhtr.o(i.LIS3DH_GetStatusBit), (150 bytes).
    Removing lis3dhtr.o(i.LIS3DH_GetStatusReg), (18 bytes).
    Removing lis3dhtr.o(i.LIS3DH_GetTempRaw), (38 bytes).
    Removing lis3dhtr.o(i.LIS3DH_GetWHO_AM_I), (18 bytes).
    Removing lis3dhtr.o(i.LIS3DH_HPFAOI1Enable), (44 bytes).
    Removing lis3dhtr.o(i.LIS3DH_HPFAOI2Enable), (48 bytes).
    Removing lis3dhtr.o(i.LIS3DH_HPFClickEnable), (48 bytes).
    Removing lis3dhtr.o(i.LIS3DH_Int1LatchEnable), (48 bytes).
    Removing lis3dhtr.o(i.LIS3DH_ReadReg), (40 bytes).
    Removing lis3dhtr.o(i.LIS3DH_ResetInt1Latch), (18 bytes).
    Removing lis3dhtr.o(i.LIS3DH_SetADCAux), (48 bytes).
    Removing lis3dhtr.o(i.LIS3DH_SetAxis), (48 bytes).
    Removing lis3dhtr.o(i.LIS3DH_SetBDU), (48 bytes).
    Removing lis3dhtr.o(i.LIS3DH_SetBLE), (48 bytes).
    Removing lis3dhtr.o(i.LIS3DH_SetClickCFG), (44 bytes).
    Removing lis3dhtr.o(i.LIS3DH_SetClickLATENCY), (18 bytes).
    Removing lis3dhtr.o(i.LIS3DH_SetClickLIMIT), (26 bytes).
    Removing lis3dhtr.o(i.LIS3DH_SetClickTHS), (26 bytes).
    Removing lis3dhtr.o(i.LIS3DH_SetClickWINDOW), (18 bytes).
    Removing lis3dhtr.o(i.LIS3DH_SetFilterDataSel), (48 bytes).
    Removing lis3dhtr.o(i.LIS3DH_SetFullScale), (48 bytes).
    Removing lis3dhtr.o(i.LIS3DH_SetHPFCutOFF), (56 bytes).
    Removing lis3dhtr.o(i.LIS3DH_SetHPFMode), (48 bytes).
    Removing lis3dhtr.o(i.LIS3DH_SetInt1Duration), (26 bytes).
    Removing lis3dhtr.o(i.LIS3DH_SetInt1Pin), (36 bytes).
    Removing lis3dhtr.o(i.LIS3DH_SetInt1Threshold), (26 bytes).
    Removing lis3dhtr.o(i.LIS3DH_SetInt2Pin), (36 bytes).
    Removing lis3dhtr.o(i.LIS3DH_SetInt6D4DConfiguration), (132 bytes).
    Removing lis3dhtr.o(i.LIS3DH_SetIntConfiguration), (44 bytes).
    Removing lis3dhtr.o(i.LIS3DH_SetIntMode), (48 bytes).
    Removing lis3dhtr.o(i.LIS3DH_SetMode), (152 bytes).
    Removing lis3dhtr.o(i.LIS3DH_SetODR), (48 bytes).
    Removing lis3dhtr.o(i.LIS3DH_SetSPIInterface), (44 bytes).
    Removing lis3dhtr.o(i.LIS3DH_SetSelfTest), (48 bytes).
    Removing lis3dhtr.o(i.LIS3DH_SetTemperature), (48 bytes).
    Removing lis3dhtr.o(i.LIS3DH_SetTriggerInt), (48 bytes).
    Removing lis3dhtr.o(i.LIS3DH_SetWaterMark), (52 bytes).
    Removing lis3dhtr.o(i.LIS3DH_WriteReg), (50 bytes).
    Removing lis3dhtr.o(i.lis3dhinit), (28 bytes).
    Removing lis3dhtr.o(.data), (1 bytes).
    Removing pwm.o(.rev16_text), (4 bytes).
    Removing pwm.o(.revsh_text), (4 bytes).
    Removing pwm.o(i.pwm_init), (236 bytes).
    Removing spi.o(.rev16_text), (4 bytes).
    Removing spi.o(.revsh_text), (4 bytes).
    Removing spi.o(i.SPI_FLASH_BlockErase), (54 bytes).
    Removing spi.o(i.SPI_FLASH_BufferRead), (72 bytes).
    Removing spi.o(i.SPI_FLASH_BufferWrite), (188 bytes).
    Removing spi.o(i.SPI_FLASH_ChipErase), (30 bytes).
    Removing spi.o(i.SPI_FLASH_PageWrite), (78 bytes).
    Removing spi.o(i.SPI_FLASH_ReadByte), (10 bytes).
    Removing spi.o(i.SPI_FLASH_ReadID), (60 bytes).
    Removing spi.o(i.SPI_FLASH_SectorErase), (54 bytes).
    Removing spi.o(i.SPI_FLASH_SendByte), (12 bytes).
    Removing spi.o(i.SPI_FLASH_StartReadSequence), (40 bytes).
    Removing spi.o(i.SPI_FLASH_WaitForWriteEnd), (32 bytes).
    Removing spi.o(i.SPI_FLASH_WriteEnable), (22 bytes).
    Removing spi.o(i.SPI_Init), (38 bytes).
    Removing spi.o(i.W25X16_SPI_FLASH_WriteOneByte), (76 bytes).
    Removing tm1650.o(.rev16_text), (4 bytes).
    Removing tm1650.o(.revsh_text), (4 bytes).
    Removing tm1650.o(i.TM1650_Get_KEY), (60 bytes).
    Removing tm1650.o(i.TM1650_IIC_start), (60 bytes).
    Removing tm1650.o(i.TM1650_IIC_stop), (60 bytes).
    Removing tm1650.o(i.TM1650_IIC_wait_ack), (76 bytes).
    Removing tm1650.o(i.TM1650_IIC_write_byte), (96 bytes).
    Removing tm1650.o(i.TM1650_Read_Byte), (76 bytes).
    Removing tm1650.o(i.TM1650_Read_KEY), (34 bytes).
    Removing tm1650.o(i.TM1650_cfg_display), (34 bytes).
    Removing tm1650.o(i.TM1650_clear), (22 bytes).
    Removing tm1650.o(i.TM1650_init), (76 bytes).
    Removing tm1650.o(i.TM1650_print), (40 bytes).
    Removing tm1650.o(.constdata), (16 bytes).
    Removing tm1650.o(.data), (140 bytes).
    Removing moto.o(.rev16_text), (4 bytes).
    Removing moto.o(.revsh_text), (4 bytes).
    Removing moto.o(i.calculate_distance), (72 bytes).
    Removing moto.o(i.moto), (24 bytes).
    Removing moto.o(i.moto_stop), (28 bytes).
    Removing moto.o(i.motor_control_init), (82 bytes).
    Removing moto.o(i.motor_control_update), (148 bytes).
    Removing moto.o(i.pid_init), (22 bytes).
    Removing moto.o(i.pid_update), (130 bytes).
    Removing uart.o(.rev16_text), (4 bytes).
    Removing uart.o(.revsh_text), (4 bytes).
    Removing uart.o(i.USART_Init), (56 bytes).
    Removing beep.o(.rev16_text), (4 bytes).
    Removing beep.o(.revsh_text), (4 bytes).
    Removing beep.o(i.beep), (20 bytes).
    Removing beep.o(i.beep_loop), (2 bytes).
    Removing beep.o(i.handle_continuous_beep), (60 bytes).
    Removing beep.o(i.handle_fast_beep), (88 bytes).
    Removing beep.o(i.handle_intermittent_beep), (88 bytes).
    Removing beep.o(i.handle_silent), (28 bytes).
    Removing beep.o(i.init_beep), (36 bytes).
    Removing beep.o(i.set_beeper_config), (6 bytes).
    Removing beep.o(i.silent), (20 bytes).
    Removing beep.o(.bss), (16 bytes).
    Removing beep.o(.data), (8 bytes).
    Removing err.o(.rev16_text), (4 bytes).
    Removing err.o(.revsh_text), (4 bytes).
    Removing err.o(i.clear_error_flag), (4 bytes).
    Removing err.o(i.is_error_flag_set), (8 bytes).
    Removing err.o(i.set_error_flag), (4 bytes).
    Removing main.o(.rev16_text), (4 bytes).
    Removing main.o(.revsh_text), (4 bytes).
    Removing main.o(i.ClockOutputInit), (44 bytes).
    Removing main.o(i.fputc), (36 bytes).
    Removing main.o(.data), (16 bytes).
    Removing main.o(.data), (1 bytes).
    Removing main.o(.data), (1 bytes).
    Removing main.o(.data), (4 bytes).
    Removing main.o(.data), (2 bytes).
    Removing main.o(.data), (2 bytes).
    Removing main.o(.data), (4 bytes).
    Removing main.o(.data), (1 bytes).
    Removing apm32f00x_int.o(.rev16_text), (4 bytes).
    Removing apm32f00x_int.o(.revsh_text), (4 bytes).
    Removing apm32f00x_int.o(.data), (1 bytes).

553 unused section(s) (total 17209 bytes) removed from the image.

==============================================================================

Image Symbol Table

    Local Symbols

    Symbol Name                              Value     Ov Type        Size  Object(Section)

    RESET                                    0x00000000   Section      188  startup_apm32f00x.o(RESET)
    ../clib/angel/boardlib.s                 0x00000000   Number         0  boardinit3.o ABSOLUTE
    ../clib/angel/boardlib.s                 0x00000000   Number         0  boardshut.o ABSOLUTE
    ../clib/angel/boardlib.s                 0x00000000   Number         0  boardinit2.o ABSOLUTE
    ../clib/angel/boardlib.s                 0x00000000   Number         0  boardinit1.o ABSOLUTE
    ../clib/angel/handlers.s                 0x00000000   Number         0  __scatter_zi.o ABSOLUTE
    ../clib/angel/handlers.s                 0x00000000   Number         0  __scatter_copy.o ABSOLUTE
    ../clib/angel/kernel.s                   0x00000000   Number         0  __rtentry2.o ABSOLUTE
    ../clib/angel/kernel.s                   0x00000000   Number         0  __rtentry4.o ABSOLUTE
    ../clib/angel/kernel.s                   0x00000000   Number         0  rtexit.o ABSOLUTE
    ../clib/angel/kernel.s                   0x00000000   Number         0  rtexit2.o ABSOLUTE
    ../clib/angel/kernel.s                   0x00000000   Number         0  __rtentry.o ABSOLUTE
    ../clib/angel/rt.s                       0x00000000   Number         0  rt_errno_addr.o ABSOLUTE
    ../clib/angel/rt.s                       0x00000000   Number         0  rt_div0.o ABSOLUTE
    ../clib/angel/rt.s                       0x00000000   Number         0  rt_raise.o ABSOLUTE
    ../clib/angel/rt.s                       0x00000000   Number         0  rt_heap_descriptor.o ABSOLUTE
    ../clib/angel/rt.s                       0x00000000   Number         0  rt_heap_descriptor_intlibspace.o ABSOLUTE
    ../clib/angel/rt.s                       0x00000000   Number         0  rt_errno_addr_intlibspace.o ABSOLUTE
    ../clib/angel/rt.s                       0x00000000   Number         0  aeabi_idiv0.o ABSOLUTE
    ../clib/angel/rt.s                       0x00000000   Number         0  aeabi_idiv0_sigfpe.o ABSOLUTE
    ../clib/angel/scatterp.s                 0x00000000   Number         0  __scatter.o ABSOLUTE
    ../clib/angel/startup.s                  0x00000000   Number         0  __main.o ABSOLUTE
    ../clib/angel/sys.s                      0x00000000   Number         0  use_no_semi.o ABSOLUTE
    ../clib/angel/sys.s                      0x00000000   Number         0  libspace.o ABSOLUTE
    ../clib/angel/sys.s                      0x00000000   Number         0  indicate_semi.o ABSOLUTE
    ../clib/angel/sys.s                      0x00000000   Number         0  mutex_dummy.o ABSOLUTE
    ../clib/angel/sys.s                      0x00000000   Number         0  sys_stackheap_outer.o ABSOLUTE
    ../clib/angel/sys.s                      0x00000000   Number         0  tempstk.o ABSOLUTE
    ../clib/angel/sysapp.c                   0x00000000   Number         0  sys_exit.o ABSOLUTE
    ../clib/angel/sysapp.c                   0x00000000   Number         0  sys_wrch.o ABSOLUTE
    ../clib/angel/sysapp.c                   0x00000000   Number         0  sys_command.o ABSOLUTE
    ../clib/angel/sysapp.c                   0x00000000   Number         0  sys_io.o ABSOLUTE
    ../clib/armsys.c                         0x00000000   Number         0  _get_argv_nomalloc.o ABSOLUTE
    ../clib/armsys.c                         0x00000000   Number         0  argv_veneer.o ABSOLUTE
    ../clib/armsys.c                         0x00000000   Number         0  _get_argv.o ABSOLUTE
    ../clib/armsys.c                         0x00000000   Number         0  no_argv.o ABSOLUTE
    ../clib/division.s                       0x00000000   Number         0  aeabi_sdiv_div0.o ABSOLUTE
    ../clib/division.s                       0x00000000   Number         0  aeabi_sdiv.o ABSOLUTE
    ../clib/fenv.c                           0x00000000   Number         0  _rserrno.o ABSOLUTE
    ../clib/heap1.c                          0x00000000   Number         0  h1_final.o ABSOLUTE
    ../clib/heap1.c                          0x00000000   Number         0  h1_final_mt.o ABSOLUTE
    ../clib/heap1.c                          0x00000000   Number         0  h1_alloc.o ABSOLUTE
    ../clib/heap1.c                          0x00000000   Number         0  h1_alloc_mt.o ABSOLUTE
    ../clib/heap1.c                          0x00000000   Number         0  h1_free.o ABSOLUTE
    ../clib/heap1.c                          0x00000000   Number         0  h1_init_mt.o ABSOLUTE
    ../clib/heap1.c                          0x00000000   Number         0  h1_extend.o ABSOLUTE
    ../clib/heap1.c                          0x00000000   Number         0  h1_free_mt.o ABSOLUTE
    ../clib/heap1.c                          0x00000000   Number         0  h1_extend_mt.o ABSOLUTE
    ../clib/heap1.c                          0x00000000   Number         0  h1_init.o ABSOLUTE
    ../clib/heap2.c                          0x00000000   Number         0  heap2mt.o ABSOLUTE
    ../clib/heap2.c                          0x00000000   Number         0  fdtree.o ABSOLUTE
    ../clib/heap2.c                          0x00000000   Number         0  heap2.o ABSOLUTE
    ../clib/heapalloc.c                      0x00000000   Number         0  maybetermalloc1.o ABSOLUTE
    ../clib/heapalloc.c                      0x00000000   Number         0  maybetermalloc1.o ABSOLUTE
    ../clib/heapalloc.c                      0x00000000   Number         0  heapstubs.o ABSOLUTE
    ../clib/heapalloc.c                      0x00000000   Number         0  term_alloc.o ABSOLUTE
    ../clib/heapalloc.c                      0x00000000   Number         0  hrguard.o ABSOLUTE
    ../clib/heapalloc.c                      0x00000000   Number         0  malloc.o ABSOLUTE
    ../clib/heapalloc.c                      0x00000000   Number         0  maybetermalloc2.o ABSOLUTE
    ../clib/heapalloc.c                      0x00000000   Number         0  init_alloc.o ABSOLUTE
    ../clib/heapalloc.c                      0x00000000   Number         0  hguard.o ABSOLUTE
    ../clib/heapalloc.c                      0x00000000   Number         0  maybetermalloc2.o ABSOLUTE
    ../clib/heapalloc.c                      0x00000000   Number         0  free.o ABSOLUTE
    ../clib/heapaux.c                        0x00000000   Number         0  heapauxi.o ABSOLUTE
    ../clib/heapaux.c                        0x00000000   Number         0  heapauxa.o ABSOLUTE
    ../clib/libinit.s                        0x00000000   Number         0  libshutdown.o ABSOLUTE
    ../clib/libinit.s                        0x00000000   Number         0  libinit2.o ABSOLUTE
    ../clib/libinit.s                        0x00000000   Number         0  libshutdown2.o ABSOLUTE
    ../clib/libinit.s                        0x00000000   Number         0  libinit.o ABSOLUTE
    ../clib/memcpset.c                       0x00000000   Number         0  rt_memclr.o ABSOLUTE
    ../clib/memcpset.c                       0x00000000   Number         0  rt_memcpy.o ABSOLUTE
    ../clib/memcpset.c                       0x00000000   Number         0  rt_memcpy.o ABSOLUTE
    ../clib/printf.c                         0x00000000   Number         0  __2printf.o ABSOLUTE
    ../clib/printf.c                         0x00000000   Number         0  noretval__2printf.o ABSOLUTE
    ../clib/printf.c                         0x00000000   Number         0  __printf_nopercent.o ABSOLUTE
    ../clib/printf.c                         0x00000000   Number         0  _printf_char_common.o ABSOLUTE
    ../clib/printf.c                         0x00000000   Number         0  _printf_char_file.o ABSOLUTE
    ../clib/signal.c                         0x00000000   Number         0  defsig_rtred_formal.o ABSOLUTE
    ../clib/signal.c                         0x00000000   Number         0  defsig_segv_inner.o ABSOLUTE
    ../clib/signal.c                         0x00000000   Number         0  defsig_cppl_inner.o ABSOLUTE
    ../clib/signal.c                         0x00000000   Number         0  defsig_pvfn_inner.o ABSOLUTE
    ../clib/signal.c                         0x00000000   Number         0  defsig_stak_inner.o ABSOLUTE
    ../clib/signal.c                         0x00000000   Number         0  defsig_abrt_inner.o ABSOLUTE
    ../clib/signal.c                         0x00000000   Number         0  defsig_rtmem_inner.o ABSOLUTE
    ../clib/signal.c                         0x00000000   Number         0  defsig_rtmem_formal.o ABSOLUTE
    ../clib/signal.c                         0x00000000   Number         0  defsig_general.o ABSOLUTE
    ../clib/signal.c                         0x00000000   Number         0  __raise.o ABSOLUTE
    ../clib/signal.c                         0x00000000   Number         0  defsig_rtred_inner.o ABSOLUTE
    ../clib/signal.c                         0x00000000   Number         0  defsig_fpe_inner.o ABSOLUTE
    ../clib/signal.c                         0x00000000   Number         0  defsig_exit.o ABSOLUTE
    ../clib/signal.c                         0x00000000   Number         0  defsig_rtmem_outer.o ABSOLUTE
    ../clib/signal.c                         0x00000000   Number         0  defsig_rtred_outer.o ABSOLUTE
    ../clib/signal.c                         0x00000000   Number         0  defsig_fpe_formal.o ABSOLUTE
    ../clib/signal.c                         0x00000000   Number         0  defsig_fpe_outer.o ABSOLUTE
    ../clib/signal.c                         0x00000000   Number         0  defsig_other.o ABSOLUTE
    ../clib/signal.s                         0x00000000   Number         0  defsig.o ABSOLUTE
    ../clib/stdio.c                          0x00000000   Number         0  fseek.o ABSOLUTE
    ../clib/stdio.c                          0x00000000   Number         0  stdio.o ABSOLUTE
    ../clib/stdio.c                          0x00000000   Number         0  fopen_locked.o ABSOLUTE
    ../clib/stdio.c                          0x00000000   Number         0  setvbuf_locked.o ABSOLUTE
    ../clib/stdio.c                          0x00000000   Number         0  ferror_locked.o ABSOLUTE
    ../clib/stdio.c                          0x00000000   Number         0  fclose.o ABSOLUTE
    ../clib/stdio.c                          0x00000000   Number         0  fopen.o ABSOLUTE
    ../clib/stdio.c                          0x00000000   Number         0  streamlock.o ABSOLUTE
    ../clib/stdio.c                          0x00000000   Number         0  setvbuf.o ABSOLUTE
    ../clib/stdio.c                          0x00000000   Number         0  stdio_streams.o ABSOLUTE
    ../clib/stdio.c                          0x00000000   Number         0  ferror.o ABSOLUTE
    ../clib/stdio.c                          0x00000000   Number         0  initio.o ABSOLUTE
    ../clib/stdio.c                          0x00000000   Number         0  ftell.o ABSOLUTE
    ../clib/stdio.c                          0x00000000   Number         0  initio_locked.o ABSOLUTE
    ../clib/stdlib.c                         0x00000000   Number         0  exit.o ABSOLUTE
    ../clib/string.c                         0x00000000   Number         0  strlen.o ABSOLUTE
    ../fplib/cfplib/cmpret.c                 0x00000000   Number         0  cmpret.o ABSOLUTE
    ../fplib/cfplib/daddsub.c                0x00000000   Number         0  daddsub.o ABSOLUTE
    ../fplib/cfplib/dcmpin.c                 0x00000000   Number         0  dcmpin.o ABSOLUTE
    ../fplib/cfplib/ddiv.c                   0x00000000   Number         0  ddiv.o ABSOLUTE
    ../fplib/cfplib/dmul.c                   0x00000000   Number         0  dmul.o ABSOLUTE
    ../fplib/cfplib/dsqrt.c                  0x00000000   Number         0  dsqrt.o ABSOLUTE
    ../fplib/cfplib/fflt.c                   0x00000000   Number         0  dflti.o ABSOLUTE
    ../fplib/cfplib/fpinit.c                 0x00000000   Number         0  fpinit.o ABSOLUTE
    ../fplib/cfplib/nan2.c                   0x00000000   Number         0  dnan2.o ABSOLUTE
    ../fplib/cfplib/retnan.c                 0x00000000   Number         0  retnan.o ABSOLUTE
    ../fplib/dleqf6m.s                       0x00000000   Number         0  dlef.o ABSOLUTE
    ../fplib/usenofp.s                       0x00000000   Number         0  usenofp.o ABSOLUTE
    ../mathlib/sqrt.c                        0x00000000   Number         0  sqrt.o ABSOLUTE
    ../mathlib/sqrt.c                        0x00000000   Number         0  sqrt_x.o ABSOLUTE
    ..\..\..\..\..\Boards\Board.c            0x00000000   Number         0  board.o ABSOLUTE
    ..\..\..\..\..\Boards\beep.c             0x00000000   Number         0  beep.o ABSOLUTE
    ..\..\..\..\..\Boards\eint.c             0x00000000   Number         0  eint.o ABSOLUTE
    ..\..\..\..\..\Boards\err.c              0x00000000   Number         0  err.o ABSOLUTE
    ..\..\..\..\..\Boards\flash.c            0x00000000   Number         0  flash.o ABSOLUTE
    ..\..\..\..\..\Boards\i2c.c              0x00000000   Number         0  i2c.o ABSOLUTE
    ..\..\..\..\..\Boards\key.c              0x00000000   Number         0  key.o ABSOLUTE
    ..\..\..\..\..\Boards\lis3dhtr.c         0x00000000   Number         0  lis3dhtr.o ABSOLUTE
    ..\..\..\..\..\Boards\moto.c             0x00000000   Number         0  moto.o ABSOLUTE
    ..\..\..\..\..\Boards\pwm.c              0x00000000   Number         0  pwm.o ABSOLUTE
    ..\..\..\..\..\Boards\spi.c              0x00000000   Number         0  spi.o ABSOLUTE
    ..\..\..\..\..\Boards\tm1650.c           0x00000000   Number         0  tm1650.o ABSOLUTE
    ..\..\..\..\..\Boards\uart.c             0x00000000   Number         0  uart.o ABSOLUTE
    ..\..\..\..\..\Libraries\APM32F00x_StdPeriphDriver\src\apm32f00x_adc.c 0x00000000   Number         0  apm32f00x_adc.o ABSOLUTE
    ..\..\..\..\..\Libraries\APM32F00x_StdPeriphDriver\src\apm32f00x_buzzer.c 0x00000000   Number         0  apm32f00x_buzzer.o ABSOLUTE
    ..\..\..\..\..\Libraries\APM32F00x_StdPeriphDriver\src\apm32f00x_eint.c 0x00000000   Number         0  apm32f00x_eint.o ABSOLUTE
    ..\..\..\..\..\Libraries\APM32F00x_StdPeriphDriver\src\apm32f00x_fmc.c 0x00000000   Number         0  apm32f00x_fmc.o ABSOLUTE
    ..\..\..\..\..\Libraries\APM32F00x_StdPeriphDriver\src\apm32f00x_gpio.c 0x00000000   Number         0  apm32f00x_gpio.o ABSOLUTE
    ..\..\..\..\..\Libraries\APM32F00x_StdPeriphDriver\src\apm32f00x_i2c.c 0x00000000   Number         0  apm32f00x_i2c.o ABSOLUTE
    ..\..\..\..\..\Libraries\APM32F00x_StdPeriphDriver\src\apm32f00x_iwdt.c 0x00000000   Number         0  apm32f00x_iwdt.o ABSOLUTE
    ..\..\..\..\..\Libraries\APM32F00x_StdPeriphDriver\src\apm32f00x_misc.c 0x00000000   Number         0  apm32f00x_misc.o ABSOLUTE
    ..\..\..\..\..\Libraries\APM32F00x_StdPeriphDriver\src\apm32f00x_rcm.c 0x00000000   Number         0  apm32f00x_rcm.o ABSOLUTE
    ..\..\..\..\..\Libraries\APM32F00x_StdPeriphDriver\src\apm32f00x_spi.c 0x00000000   Number         0  apm32f00x_spi.o ABSOLUTE
    ..\..\..\..\..\Libraries\APM32F00x_StdPeriphDriver\src\apm32f00x_tmr1.c 0x00000000   Number         0  apm32f00x_tmr1.o ABSOLUTE
    ..\..\..\..\..\Libraries\APM32F00x_StdPeriphDriver\src\apm32f00x_tmr2.c 0x00000000   Number         0  apm32f00x_tmr2.o ABSOLUTE
    ..\..\..\..\..\Libraries\APM32F00x_StdPeriphDriver\src\apm32f00x_tmr4.c 0x00000000   Number         0  apm32f00x_tmr4.o ABSOLUTE
    ..\..\..\..\..\Libraries\APM32F00x_StdPeriphDriver\src\apm32f00x_usart.c 0x00000000   Number         0  apm32f00x_usart.o ABSOLUTE
    ..\..\..\..\..\Libraries\APM32F00x_StdPeriphDriver\src\apm32f00x_wupt.c 0x00000000   Number         0  apm32f00x_wupt.o ABSOLUTE
    ..\..\..\..\..\Libraries\APM32F00x_StdPeriphDriver\src\apm32f00x_wwdt.c 0x00000000   Number         0  apm32f00x_wwdt.o ABSOLUTE
    ..\..\..\..\..\Libraries\Device\Geehy\APM32F00x\Source\ARM\startup_apm32f00x.s 0x00000000   Number         0  startup_apm32f00x.o ABSOLUTE
    ..\..\Source\apm32f00x_int.c             0x00000000   Number         0  apm32f00x_int.o ABSOLUTE
    ..\..\Source\main.c                      0x00000000   Number         0  main.o ABSOLUTE
    ..\..\Source\system_apm32f00x.c          0x00000000   Number         0  system_apm32f00x.o ABSOLUTE
    ..\\..\\..\\..\\..\\Boards\\Board.c      0x00000000   Number         0  board.o ABSOLUTE
    ..\\..\\..\\..\\..\\Boards\\beep.c       0x00000000   Number         0  beep.o ABSOLUTE
    ..\\..\\..\\..\\..\\Boards\\eint.c       0x00000000   Number         0  eint.o ABSOLUTE
    ..\\..\\..\\..\\..\\Boards\\err.c        0x00000000   Number         0  err.o ABSOLUTE
    ..\\..\\..\\..\\..\\Boards\\flash.c      0x00000000   Number         0  flash.o ABSOLUTE
    ..\\..\\..\\..\\..\\Boards\\i2c.c        0x00000000   Number         0  i2c.o ABSOLUTE
    ..\\..\\..\\..\\..\\Boards\\key.c        0x00000000   Number         0  key.o ABSOLUTE
    ..\\..\\..\\..\\..\\Boards\\lis3dhtr.c   0x00000000   Number         0  lis3dhtr.o ABSOLUTE
    ..\\..\\..\\..\\..\\Boards\\moto.c       0x00000000   Number         0  moto.o ABSOLUTE
    ..\\..\\..\\..\\..\\Boards\\pwm.c        0x00000000   Number         0  pwm.o ABSOLUTE
    ..\\..\\..\\..\\..\\Boards\\spi.c        0x00000000   Number         0  spi.o ABSOLUTE
    ..\\..\\..\\..\\..\\Boards\\tm1650.c     0x00000000   Number         0  tm1650.o ABSOLUTE
    ..\\..\\..\\..\\..\\Boards\\uart.c       0x00000000   Number         0  uart.o ABSOLUTE
    ..\\..\\..\\..\\..\\Libraries\\APM32F00x_StdPeriphDriver\\src\\apm32f00x_adc.c 0x00000000   Number         0  apm32f00x_adc.o ABSOLUTE
    ..\\..\\..\\..\\..\\Libraries\\APM32F00x_StdPeriphDriver\\src\\apm32f00x_buzzer.c 0x00000000   Number         0  apm32f00x_buzzer.o ABSOLUTE
    ..\\..\\..\\..\\..\\Libraries\\APM32F00x_StdPeriphDriver\\src\\apm32f00x_eint.c 0x00000000   Number         0  apm32f00x_eint.o ABSOLUTE
    ..\\..\\..\\..\\..\\Libraries\\APM32F00x_StdPeriphDriver\\src\\apm32f00x_fmc.c 0x00000000   Number         0  apm32f00x_fmc.o ABSOLUTE
    ..\\..\\..\\..\\..\\Libraries\\APM32F00x_StdPeriphDriver\\src\\apm32f00x_gpio.c 0x00000000   Number         0  apm32f00x_gpio.o ABSOLUTE
    ..\\..\\..\\..\\..\\Libraries\\APM32F00x_StdPeriphDriver\\src\\apm32f00x_i2c.c 0x00000000   Number         0  apm32f00x_i2c.o ABSOLUTE
    ..\\..\\..\\..\\..\\Libraries\\APM32F00x_StdPeriphDriver\\src\\apm32f00x_iwdt.c 0x00000000   Number         0  apm32f00x_iwdt.o ABSOLUTE
    ..\\..\\..\\..\\..\\Libraries\\APM32F00x_StdPeriphDriver\\src\\apm32f00x_misc.c 0x00000000   Number         0  apm32f00x_misc.o ABSOLUTE
    ..\\..\\..\\..\\..\\Libraries\\APM32F00x_StdPeriphDriver\\src\\apm32f00x_rcm.c 0x00000000   Number         0  apm32f00x_rcm.o ABSOLUTE
    ..\\..\\..\\..\\..\\Libraries\\APM32F00x_StdPeriphDriver\\src\\apm32f00x_spi.c 0x00000000   Number         0  apm32f00x_spi.o ABSOLUTE
    ..\\..\\..\\..\\..\\Libraries\\APM32F00x_StdPeriphDriver\\src\\apm32f00x_tmr1.c 0x00000000   Number         0  apm32f00x_tmr1.o ABSOLUTE
    ..\\..\\..\\..\\..\\Libraries\\APM32F00x_StdPeriphDriver\\src\\apm32f00x_tmr2.c 0x00000000   Number         0  apm32f00x_tmr2.o ABSOLUTE
    ..\\..\\..\\..\\..\\Libraries\\APM32F00x_StdPeriphDriver\\src\\apm32f00x_tmr4.c 0x00000000   Number         0  apm32f00x_tmr4.o ABSOLUTE
    ..\\..\\..\\..\\..\\Libraries\\APM32F00x_StdPeriphDriver\\src\\apm32f00x_usart.c 0x00000000   Number         0  apm32f00x_usart.o ABSOLUTE
    ..\\..\\..\\..\\..\\Libraries\\APM32F00x_StdPeriphDriver\\src\\apm32f00x_wupt.c 0x00000000   Number         0  apm32f00x_wupt.o ABSOLUTE
    ..\\..\\..\\..\\..\\Libraries\\APM32F00x_StdPeriphDriver\\src\\apm32f00x_wwdt.c 0x00000000   Number         0  apm32f00x_wwdt.o ABSOLUTE
    ..\\..\\Source\\apm32f00x_int.c          0x00000000   Number         0  apm32f00x_int.o ABSOLUTE
    ..\\..\\Source\\main.c                   0x00000000   Number         0  main.o ABSOLUTE
    ..\\..\\Source\\system_apm32f00x.c       0x00000000   Number         0  system_apm32f00x.o ABSOLUTE
    dc.s                                     0x00000000   Number         0  dc.o ABSOLUTE
    !!!main                                  0x000000bc   Section        8  __main.o(!!!main)
    !!!scatter                               0x000000c4   Section       60  __scatter.o(!!!scatter)
    !!handler_copy                           0x00000100   Section       26  __scatter_copy.o(!!handler_copy)
    !!handler_zi                             0x0000011c   Section       28  __scatter_zi.o(!!handler_zi)
    .ARM.Collect$$libinit$$00000000          0x00000138   Section        2  libinit.o(.ARM.Collect$$libinit$$00000000)
    .ARM.Collect$$libinit$$00000002          0x0000013a   Section        0  libinit2.o(.ARM.Collect$$libinit$$00000002)
    .ARM.Collect$$libinit$$00000004          0x0000013a   Section        0  libinit2.o(.ARM.Collect$$libinit$$00000004)
    .ARM.Collect$$libinit$$0000000A          0x0000013a   Section        0  libinit2.o(.ARM.Collect$$libinit$$0000000A)
    .ARM.Collect$$libinit$$0000000C          0x0000013a   Section        0  libinit2.o(.ARM.Collect$$libinit$$0000000C)
    .ARM.Collect$$libinit$$0000000E          0x0000013a   Section        0  libinit2.o(.ARM.Collect$$libinit$$0000000E)
    .ARM.Collect$$libinit$$00000011          0x0000013a   Section        0  libinit2.o(.ARM.Collect$$libinit$$00000011)
    .ARM.Collect$$libinit$$00000013          0x0000013a   Section        0  libinit2.o(.ARM.Collect$$libinit$$00000013)
    .ARM.Collect$$libinit$$00000015          0x0000013a   Section        0  libinit2.o(.ARM.Collect$$libinit$$00000015)
    .ARM.Collect$$libinit$$00000017          0x0000013a   Section        0  libinit2.o(.ARM.Collect$$libinit$$00000017)
    .ARM.Collect$$libinit$$00000019          0x0000013a   Section        0  libinit2.o(.ARM.Collect$$libinit$$00000019)
    .ARM.Collect$$libinit$$0000001B          0x0000013a   Section        0  libinit2.o(.ARM.Collect$$libinit$$0000001B)
    .ARM.Collect$$libinit$$0000001D          0x0000013a   Section        0  libinit2.o(.ARM.Collect$$libinit$$0000001D)
    .ARM.Collect$$libinit$$0000001F          0x0000013a   Section        0  libinit2.o(.ARM.Collect$$libinit$$0000001F)
    .ARM.Collect$$libinit$$00000021          0x0000013a   Section        0  libinit2.o(.ARM.Collect$$libinit$$00000021)
    .ARM.Collect$$libinit$$00000023          0x0000013a   Section        0  libinit2.o(.ARM.Collect$$libinit$$00000023)
    .ARM.Collect$$libinit$$00000025          0x0000013a   Section        0  libinit2.o(.ARM.Collect$$libinit$$00000025)
    .ARM.Collect$$libinit$$0000002C          0x0000013a   Section        0  libinit2.o(.ARM.Collect$$libinit$$0000002C)
    .ARM.Collect$$libinit$$0000002E          0x0000013a   Section        0  libinit2.o(.ARM.Collect$$libinit$$0000002E)
    .ARM.Collect$$libinit$$00000030          0x0000013a   Section        0  libinit2.o(.ARM.Collect$$libinit$$00000030)
    .ARM.Collect$$libinit$$00000032          0x0000013a   Section        0  libinit2.o(.ARM.Collect$$libinit$$00000032)
    .ARM.Collect$$libinit$$00000033          0x0000013a   Section        2  libinit2.o(.ARM.Collect$$libinit$$00000033)
    .ARM.Collect$$libshutdown$$00000000      0x0000013c   Section        2  libshutdown.o(.ARM.Collect$$libshutdown$$00000000)
    .ARM.Collect$$libshutdown$$00000003      0x0000013e   Section        0  libshutdown2.o(.ARM.Collect$$libshutdown$$00000003)
    .ARM.Collect$$libshutdown$$00000006      0x0000013e   Section        0  libshutdown2.o(.ARM.Collect$$libshutdown$$00000006)
    .ARM.Collect$$libshutdown$$00000009      0x0000013e   Section        0  libshutdown2.o(.ARM.Collect$$libshutdown$$00000009)
    .ARM.Collect$$libshutdown$$0000000B      0x0000013e   Section        0  libshutdown2.o(.ARM.Collect$$libshutdown$$0000000B)
    .ARM.Collect$$libshutdown$$0000000E      0x0000013e   Section        0  libshutdown2.o(.ARM.Collect$$libshutdown$$0000000E)
    .ARM.Collect$$libshutdown$$0000000F      0x0000013e   Section        2  libshutdown2.o(.ARM.Collect$$libshutdown$$0000000F)
    .ARM.Collect$$rtentry$$00000000          0x00000140   Section        0  __rtentry.o(.ARM.Collect$$rtentry$$00000000)
    .ARM.Collect$$rtentry$$00000002          0x00000140   Section        0  __rtentry2.o(.ARM.Collect$$rtentry$$00000002)
    .ARM.Collect$$rtentry$$00000004          0x00000140   Section        6  __rtentry4.o(.ARM.Collect$$rtentry$$00000004)
    .ARM.Collect$$rtentry$$00000009          0x00000146   Section        0  __rtentry2.o(.ARM.Collect$$rtentry$$00000009)
    .ARM.Collect$$rtentry$$0000000A          0x00000146   Section        4  __rtentry2.o(.ARM.Collect$$rtentry$$0000000A)
    .ARM.Collect$$rtentry$$0000000C          0x0000014a   Section        0  __rtentry2.o(.ARM.Collect$$rtentry$$0000000C)
    .ARM.Collect$$rtentry$$0000000D          0x0000014a   Section        8  __rtentry2.o(.ARM.Collect$$rtentry$$0000000D)
    .ARM.Collect$$rtexit$$00000000           0x00000152   Section        2  rtexit.o(.ARM.Collect$$rtexit$$00000000)
    .ARM.Collect$$rtexit$$00000002           0x00000154   Section        0  rtexit2.o(.ARM.Collect$$rtexit$$00000002)
    .ARM.Collect$$rtexit$$00000003           0x00000154   Section        4  rtexit2.o(.ARM.Collect$$rtexit$$00000003)
    .ARM.Collect$$rtexit$$00000004           0x00000158   Section        6  rtexit2.o(.ARM.Collect$$rtexit$$00000004)
    .text                                    0x00000160   Section       68  startup_apm32f00x.o(.text)
    .text                                    0x000001a4   Section      346  aeabi_sdiv.o(.text)
    .text                                    0x000002fe   Section        0  heapauxi.o(.text)
    .text                                    0x00000304   Section        8  libspace.o(.text)
    .text                                    0x0000030c   Section       62  sys_stackheap_outer.o(.text)
    .text                                    0x0000034a   Section        0  exit.o(.text)
    .text                                    0x00000356   Section        2  use_no_semi.o(.text)
    .text                                    0x00000358   Section        0  indicate_semi.o(.text)
    .text                                    0x00000358   Section        0  sys_exit.o(.text)
    i.APM_Delay                              0x00000364   Section        0  board.o(i.APM_Delay)
    i.APM_DelayInit                          0x000003ac   Section        0  board.o(i.APM_DelayInit)
    i.APM_MINI_LEDInit                       0x000003f4   Section        0  board.o(i.APM_MINI_LEDInit)
    i.APM_MINI_LEDToggle                     0x0000041c   Section        0  board.o(i.APM_MINI_LEDToggle)
    i.APM_MINI_ReadPBState                   0x00000434   Section        0  board.o(i.APM_MINI_ReadPBState)
    i.EINTD_IRQHandler                       0x0000044c   Section        0  apm32f00x_int.o(i.EINTD_IRQHandler)
    i.EINT_ClearIntFlag                      0x00000454   Section        0  apm32f00x_eint.o(i.EINT_ClearIntFlag)
    i.FMC_ConfigOptionByteAFR                0x00000464   Section        0  apm32f00x_fmc.o(i.FMC_ConfigOptionByteAFR)
    i.FMC_EraseOptionByte                    0x000004e0   Section        0  apm32f00x_fmc.o(i.FMC_EraseOptionByte)
    i.FMC_Lock                               0x00000554   Section        0  apm32f00x_fmc.o(i.FMC_Lock)
    i.FMC_OPT                                0x00000564   Section        0  main.o(i.FMC_OPT)
    i.FMC_ReadState                          0x00000594   Section        0  apm32f00x_fmc.o(i.FMC_ReadState)
    i.FMC_Unlock                             0x000005b8   Section        0  apm32f00x_fmc.o(i.FMC_Unlock)
    i.FMC_WaitForReady                       0x000005d0   Section        0  apm32f00x_fmc.o(i.FMC_WaitForReady)
    i.GPIO_Config                            0x000005ec   Section        0  apm32f00x_gpio.o(i.GPIO_Config)
    i.GPIO_ReadInputBit                      0x0000063a   Section        0  apm32f00x_gpio.o(i.GPIO_ReadInputBit)
    i.GPIO_Toggle                            0x00000644   Section        0  apm32f00x_gpio.o(i.GPIO_Toggle)
    i.HardFault_Handler                      0x0000064c   Section        0  apm32f00x_int.o(i.HardFault_Handler)
    i.Key_Isr                                0x00000650   Section        0  eint.o(i.Key_Isr)
    i.NMI_Handler                            0x000006a8   Section        0  apm32f00x_int.o(i.NMI_Handler)
    i.PendSV_Handler                         0x000006aa   Section        0  apm32f00x_int.o(i.PendSV_Handler)
    i.RCM_GetMasterClockFreq                 0x000006ac   Section        0  apm32f00x_rcm.o(i.RCM_GetMasterClockFreq)
    i.SVC_Handler                            0x000006f8   Section        0  apm32f00x_int.o(i.SVC_Handler)
    i.SysTick_Handler                        0x000006fc   Section        0  apm32f00x_int.o(i.SysTick_Handler)
    i.SystemInit                             0x00000718   Section        0  system_apm32f00x.o(i.SystemInit)
    i.TMR2_ConfigOutputComare1               0x00000780   Section        0  apm32f00x_tmr2.o(i.TMR2_ConfigOutputComare1)
    i.TMR2_ConfigOutputComare2               0x000007c8   Section        0  apm32f00x_tmr2.o(i.TMR2_ConfigOutputComare2)
    i.TMR2_ConfigOutputComare3               0x00000810   Section        0  apm32f00x_tmr2.o(i.TMR2_ConfigOutputComare3)
    i.TMR2_ConfigOutputCompare               0x00000858   Section        0  apm32f00x_tmr2.o(i.TMR2_ConfigOutputCompare)
    i.TMR2_ConfigTimerBase                   0x00000884   Section        0  apm32f00x_tmr2.o(i.TMR2_ConfigTimerBase)
    i.TMR2_Enable                            0x000008a4   Section        0  apm32f00x_tmr2.o(i.TMR2_Enable)
    i.TMR2_Init                              0x000008b4   Section        0  beep.o(i.TMR2_Init)
    i.USART2_RX_IRQHandler                   0x00000908   Section        0  apm32f00x_int.o(i.USART2_RX_IRQHandler)
    i.USART2_RxIsr                           0x00000910   Section        0  uart.o(i.USART2_RxIsr)
    i.USART2_TX_IRQHandler                   0x00000958   Section        0  apm32f00x_int.o(i.USART2_TX_IRQHandler)
    i.USART2_TxIsr                           0x00000960   Section        0  uart.o(i.USART2_TxIsr)
    i.USART_DisableInterrupt                 0x000009a4   Section        0  apm32f00x_usart.o(i.USART_DisableInterrupt)
    i.USART_ReadIntFlag                      0x000009d4   Section        0  apm32f00x_usart.o(i.USART_ReadIntFlag)
    i.USART_RxData8                          0x00000a08   Section        0  apm32f00x_usart.o(i.USART_RxData8)
    i.USART_TxData8                          0x00000a0e   Section        0  apm32f00x_usart.o(i.USART_TxData8)
    i.main                                   0x00000a1c   Section        0  main.o(i.main)
    .constdata                               0x00000a90   Section      124  board.o(.constdata)
    .data                                    0x20000000   Section        8  board.o(.data)
    .data                                    0x20000008   Section       16  eint.o(.data)
    .data                                    0x20000018   Section        2  uart.o(.data)
    .data                                    0x2000001c   Section        4  main.o(.data)
    .bss                                     0x20000020   Section       64  uart.o(.bss)
    .bss                                     0x20000060   Section       96  libspace.o(.bss)
    HEAP                                     0x200000c0   Section      512  startup_apm32f00x.o(HEAP)
    Heap_Mem                                 0x200000c0   Data         512  startup_apm32f00x.o(HEAP)
    STACK                                    0x200002c0   Section     1024  startup_apm32f00x.o(STACK)
    Stack_Mem                                0x200002c0   Data        1024  startup_apm32f00x.o(STACK)
    __initial_sp                             0x200006c0   Data           0  startup_apm32f00x.o(STACK)

    Global Symbols

    Symbol Name                              Value     Ov Type        Size  Object(Section)

    BuildAttributes$$THM_ISAv3M$S$PE$A:L22$X:L11$S22$IEEE1$IW$USESV6$~STKCKD$USESV7$~SHL$OTIME$ROPI$IEEEJ$EBA8$UX$STANDARDLIB$REQ8$PRES8$EABIv2 0x00000000   Number         0  anon$$obj.o ABSOLUTE
    __ARM_use_no_argv                        0x00000000   Number         0  main.o ABSOLUTE
    __Vectors                                0x00000000   Data           4  startup_apm32f00x.o(RESET)
    __ARM_exceptions_init                     - Undefined Weak Reference
    __alloca_initialize                       - Undefined Weak Reference
    __arm_preinit_                            - Undefined Weak Reference
    __cpp_initialize__aeabi_                  - Undefined Weak Reference
    __cxa_finalize                            - Undefined Weak Reference
    __rt_locale                               - Undefined Weak Reference
    __sigvec_lookup                           - Undefined Weak Reference
    __user_heap_extent                        - Undefined Weak Reference
    _atexit_init                              - Undefined Weak Reference
    _call_atexit_fns                          - Undefined Weak Reference
    _clock_init                               - Undefined Weak Reference
    _fp_trap_init                             - Undefined Weak Reference
    _fp_trap_shutdown                         - Undefined Weak Reference
    _get_lc_collate                           - Undefined Weak Reference
    _get_lc_ctype                             - Undefined Weak Reference
    _get_lc_monetary                          - Undefined Weak Reference
    _get_lc_numeric                           - Undefined Weak Reference
    _get_lc_time                              - Undefined Weak Reference
    _getenv_init                              - Undefined Weak Reference
    _handle_redirection                       - Undefined Weak Reference
    _mutex_acquire                            - Undefined Weak Reference
    _mutex_free                               - Undefined Weak Reference
    _mutex_release                            - Undefined Weak Reference
    _rand_init                                - Undefined Weak Reference
    _signal_finish                            - Undefined Weak Reference
    _signal_init                              - Undefined Weak Reference
    __Vectors_End                            0x000000bc   Data           0  startup_apm32f00x.o(RESET)
    __Vectors_Size                           0x000000bc   Number         0  startup_apm32f00x.o ABSOLUTE
    __main                                   0x000000bd   Thumb Code     8  __main.o(!!!main)
    __scatterload                            0x000000c5   Thumb Code     0  __scatter.o(!!!scatter)
    __scatterload_rt2                        0x000000c5   Thumb Code    52  __scatter.o(!!!scatter)
    __scatterload_rt2_thumb_only             0x000000c5   Thumb Code     0  __scatter.o(!!!scatter)
    __scatterload_null                       0x000000d5   Thumb Code     0  __scatter.o(!!!scatter)
    __scatterload_copy                       0x00000101   Thumb Code    26  __scatter_copy.o(!!handler_copy)
    __scatterload_zeroinit                   0x0000011d   Thumb Code    28  __scatter_zi.o(!!handler_zi)
    __rt_lib_init                            0x00000139   Thumb Code     0  libinit.o(.ARM.Collect$$libinit$$00000000)
    __rt_lib_init_alloca_1                   0x0000013b   Thumb Code     0  libinit2.o(.ARM.Collect$$libinit$$0000002E)
    __rt_lib_init_argv_1                     0x0000013b   Thumb Code     0  libinit2.o(.ARM.Collect$$libinit$$0000002C)
    __rt_lib_init_atexit_1                   0x0000013b   Thumb Code     0  libinit2.o(.ARM.Collect$$libinit$$0000001B)
    __rt_lib_init_clock_1                    0x0000013b   Thumb Code     0  libinit2.o(.ARM.Collect$$libinit$$00000021)
    __rt_lib_init_cpp_1                      0x0000013b   Thumb Code     0  libinit2.o(.ARM.Collect$$libinit$$00000032)
    __rt_lib_init_exceptions_1               0x0000013b   Thumb Code     0  libinit2.o(.ARM.Collect$$libinit$$00000030)
    __rt_lib_init_fp_1                       0x0000013b   Thumb Code     0  libinit2.o(.ARM.Collect$$libinit$$00000002)
    __rt_lib_init_fp_trap_1                  0x0000013b   Thumb Code     0  libinit2.o(.ARM.Collect$$libinit$$0000001F)
    __rt_lib_init_getenv_1                   0x0000013b   Thumb Code     0  libinit2.o(.ARM.Collect$$libinit$$00000023)
    __rt_lib_init_heap_1                     0x0000013b   Thumb Code     0  libinit2.o(.ARM.Collect$$libinit$$0000000A)
    __rt_lib_init_lc_collate_1               0x0000013b   Thumb Code     0  libinit2.o(.ARM.Collect$$libinit$$00000011)
    __rt_lib_init_lc_ctype_1                 0x0000013b   Thumb Code     0  libinit2.o(.ARM.Collect$$libinit$$00000013)
    __rt_lib_init_lc_monetary_1              0x0000013b   Thumb Code     0  libinit2.o(.ARM.Collect$$libinit$$00000015)
    __rt_lib_init_lc_numeric_1               0x0000013b   Thumb Code     0  libinit2.o(.ARM.Collect$$libinit$$00000017)
    __rt_lib_init_lc_time_1                  0x0000013b   Thumb Code     0  libinit2.o(.ARM.Collect$$libinit$$00000019)
    __rt_lib_init_preinit_1                  0x0000013b   Thumb Code     0  libinit2.o(.ARM.Collect$$libinit$$00000004)
    __rt_lib_init_rand_1                     0x0000013b   Thumb Code     0  libinit2.o(.ARM.Collect$$libinit$$0000000E)
    __rt_lib_init_return                     0x0000013b   Thumb Code     0  libinit2.o(.ARM.Collect$$libinit$$00000033)
    __rt_lib_init_signal_1                   0x0000013b   Thumb Code     0  libinit2.o(.ARM.Collect$$libinit$$0000001D)
    __rt_lib_init_stdio_1                    0x0000013b   Thumb Code     0  libinit2.o(.ARM.Collect$$libinit$$00000025)
    __rt_lib_init_user_alloc_1               0x0000013b   Thumb Code     0  libinit2.o(.ARM.Collect$$libinit$$0000000C)
    __rt_lib_shutdown                        0x0000013d   Thumb Code     0  libshutdown.o(.ARM.Collect$$libshutdown$$00000000)
    __rt_lib_shutdown_fp_trap_1              0x0000013f   Thumb Code     0  libshutdown2.o(.ARM.Collect$$libshutdown$$00000006)
    __rt_lib_shutdown_heap_1                 0x0000013f   Thumb Code     0  libshutdown2.o(.ARM.Collect$$libshutdown$$0000000E)
    __rt_lib_shutdown_return                 0x0000013f   Thumb Code     0  libshutdown2.o(.ARM.Collect$$libshutdown$$0000000F)
    __rt_lib_shutdown_signal_1               0x0000013f   Thumb Code     0  libshutdown2.o(.ARM.Collect$$libshutdown$$00000009)
    __rt_lib_shutdown_stdio_1                0x0000013f   Thumb Code     0  libshutdown2.o(.ARM.Collect$$libshutdown$$00000003)
    __rt_lib_shutdown_user_alloc_1           0x0000013f   Thumb Code     0  libshutdown2.o(.ARM.Collect$$libshutdown$$0000000B)
    __rt_entry                               0x00000141   Thumb Code     0  __rtentry.o(.ARM.Collect$$rtentry$$00000000)
    __rt_entry_presh_1                       0x00000141   Thumb Code     0  __rtentry2.o(.ARM.Collect$$rtentry$$00000002)
    __rt_entry_sh                            0x00000141   Thumb Code     0  __rtentry4.o(.ARM.Collect$$rtentry$$00000004)
    __rt_entry_li                            0x00000147   Thumb Code     0  __rtentry2.o(.ARM.Collect$$rtentry$$0000000A)
    __rt_entry_postsh_1                      0x00000147   Thumb Code     0  __rtentry2.o(.ARM.Collect$$rtentry$$00000009)
    __rt_entry_main                          0x0000014b   Thumb Code     0  __rtentry2.o(.ARM.Collect$$rtentry$$0000000D)
    __rt_entry_postli_1                      0x0000014b   Thumb Code     0  __rtentry2.o(.ARM.Collect$$rtentry$$0000000C)
    __rt_exit                                0x00000153   Thumb Code     0  rtexit.o(.ARM.Collect$$rtexit$$00000000)
    __rt_exit_ls                             0x00000155   Thumb Code     0  rtexit2.o(.ARM.Collect$$rtexit$$00000003)
    __rt_exit_prels_1                        0x00000155   Thumb Code     0  rtexit2.o(.ARM.Collect$$rtexit$$00000002)
    __rt_exit_exit                           0x00000159   Thumb Code     0  rtexit2.o(.ARM.Collect$$rtexit$$00000004)
    Reset_Handler                            0x00000161   Thumb Code    14  startup_apm32f00x.o(.text)
    ADC_IRQHandler                           0x00000179   Thumb Code     0  startup_apm32f00x.o(.text)
    EINTA_IRQHandler                         0x00000179   Thumb Code     0  startup_apm32f00x.o(.text)
    EINTB_IRQHandler                         0x00000179   Thumb Code     0  startup_apm32f00x.o(.text)
    EINTC_IRQHandler                         0x00000179   Thumb Code     0  startup_apm32f00x.o(.text)
    FLASH_IRQHandler                         0x00000179   Thumb Code     0  startup_apm32f00x.o(.text)
    IIC_IRQHandler                           0x00000179   Thumb Code     0  startup_apm32f00x.o(.text)
    RCM_IRQHandler                           0x00000179   Thumb Code     0  startup_apm32f00x.o(.text)
    SPI_IRQHandler                           0x00000179   Thumb Code     0  startup_apm32f00x.o(.text)
    TMR1A_CC_IRQHandler                      0x00000179   Thumb Code     0  startup_apm32f00x.o(.text)
    TMR1A_UT_IRQHandler                      0x00000179   Thumb Code     0  startup_apm32f00x.o(.text)
    TMR1_CC_IRQHandler                       0x00000179   Thumb Code     0  startup_apm32f00x.o(.text)
    TMR1_UT_IRQHandler                       0x00000179   Thumb Code     0  startup_apm32f00x.o(.text)
    TMR2_CC_IRQHandler                       0x00000179   Thumb Code     0  startup_apm32f00x.o(.text)
    TMR2_UO_IRQHandler                       0x00000179   Thumb Code     0  startup_apm32f00x.o(.text)
    TMR4_IRQHandler                          0x00000179   Thumb Code     0  startup_apm32f00x.o(.text)
    USART1_RX_IRQHandler                     0x00000179   Thumb Code     0  startup_apm32f00x.o(.text)
    USART1_TX_IRQHandler                     0x00000179   Thumb Code     0  startup_apm32f00x.o(.text)
    USART3_RX_IRQHandler                     0x00000179   Thumb Code     0  startup_apm32f00x.o(.text)
    USART3_TX_IRQHandler                     0x00000179   Thumb Code     0  startup_apm32f00x.o(.text)
    WUPT_IRQHandler                          0x00000179   Thumb Code     0  startup_apm32f00x.o(.text)
    __user_initial_stackheap                 0x0000017d   Thumb Code     0  startup_apm32f00x.o(.text)
    __aeabi_uidiv                            0x000001a5   Thumb Code     0  aeabi_sdiv.o(.text)
    __aeabi_uidivmod                         0x000001a5   Thumb Code    20  aeabi_sdiv.o(.text)
    __aeabi_idiv                             0x000001b9   Thumb Code     0  aeabi_sdiv.o(.text)
    __aeabi_idivmod                          0x000001b9   Thumb Code   326  aeabi_sdiv.o(.text)
    __use_two_region_memory                  0x000002ff   Thumb Code     2  heapauxi.o(.text)
    __rt_heap_escrow                         0x00000301   Thumb Code     2  heapauxi.o(.text)
    __rt_heap_expand                         0x00000303   Thumb Code     2  heapauxi.o(.text)
    __user_libspace                          0x00000305   Thumb Code     8  libspace.o(.text)
    __user_perproc_libspace                  0x00000305   Thumb Code     0  libspace.o(.text)
    __user_perthread_libspace                0x00000305   Thumb Code     0  libspace.o(.text)
    __user_setup_stackheap                   0x0000030d   Thumb Code    62  sys_stackheap_outer.o(.text)
    exit                                     0x0000034b   Thumb Code    12  exit.o(.text)
    __I$use$semihosting                      0x00000357   Thumb Code     0  use_no_semi.o(.text)
    __use_no_semihosting_swi                 0x00000357   Thumb Code     2  use_no_semi.o(.text)
    __semihosting_library_function           0x00000359   Thumb Code     0  indicate_semi.o(.text)
    _sys_exit                                0x00000359   Thumb Code     8  sys_exit.o(.text)
    APM_Delay                                0x00000365   Thumb Code    64  board.o(i.APM_Delay)
    APM_DelayInit                            0x000003ad   Thumb Code    60  board.o(i.APM_DelayInit)
    APM_MINI_LEDInit                         0x000003f5   Thumb Code    36  board.o(i.APM_MINI_LEDInit)
    APM_MINI_LEDToggle                       0x0000041d   Thumb Code    18  board.o(i.APM_MINI_LEDToggle)
    APM_MINI_ReadPBState                     0x00000435   Thumb Code    18  board.o(i.APM_MINI_ReadPBState)
    EINTD_IRQHandler                         0x0000044d   Thumb Code     8  apm32f00x_int.o(i.EINTD_IRQHandler)
    EINT_ClearIntFlag                        0x00000455   Thumb Code    10  apm32f00x_eint.o(i.EINT_ClearIntFlag)
    FMC_ConfigOptionByteAFR                  0x00000465   Thumb Code   112  apm32f00x_fmc.o(i.FMC_ConfigOptionByteAFR)
    FMC_EraseOptionByte                      0x000004e1   Thumb Code   102  apm32f00x_fmc.o(i.FMC_EraseOptionByte)
    FMC_Lock                                 0x00000555   Thumb Code    12  apm32f00x_fmc.o(i.FMC_Lock)
    FMC_OPT                                  0x00000565   Thumb Code    46  main.o(i.FMC_OPT)
    FMC_ReadState                            0x00000595   Thumb Code    30  apm32f00x_fmc.o(i.FMC_ReadState)
    FMC_Unlock                               0x000005b9   Thumb Code    12  apm32f00x_fmc.o(i.FMC_Unlock)
    FMC_WaitForReady                         0x000005d1   Thumb Code    28  apm32f00x_fmc.o(i.FMC_WaitForReady)
    GPIO_Config                              0x000005ed   Thumb Code    78  apm32f00x_gpio.o(i.GPIO_Config)
    GPIO_ReadInputBit                        0x0000063b   Thumb Code    10  apm32f00x_gpio.o(i.GPIO_ReadInputBit)
    GPIO_Toggle                              0x00000645   Thumb Code     8  apm32f00x_gpio.o(i.GPIO_Toggle)
    HardFault_Handler                        0x0000064d   Thumb Code     2  apm32f00x_int.o(i.HardFault_Handler)
    Key_Isr                                  0x00000651   Thumb Code    82  eint.o(i.Key_Isr)
    NMI_Handler                              0x000006a9   Thumb Code     2  apm32f00x_int.o(i.NMI_Handler)
    PendSV_Handler                           0x000006ab   Thumb Code     2  apm32f00x_int.o(i.PendSV_Handler)
    RCM_GetMasterClockFreq                   0x000006ad   Thumb Code    62  apm32f00x_rcm.o(i.RCM_GetMasterClockFreq)
    SVC_Handler                              0x000006f9   Thumb Code     2  apm32f00x_int.o(i.SVC_Handler)
    SysTick_Handler                          0x000006fd   Thumb Code    18  apm32f00x_int.o(i.SysTick_Handler)
    SystemInit                               0x00000719   Thumb Code    92  system_apm32f00x.o(i.SystemInit)
    TMR2_ConfigOutputComare1                 0x00000781   Thumb Code    66  apm32f00x_tmr2.o(i.TMR2_ConfigOutputComare1)
    TMR2_ConfigOutputComare2                 0x000007c9   Thumb Code    66  apm32f00x_tmr2.o(i.TMR2_ConfigOutputComare2)
    TMR2_ConfigOutputComare3                 0x00000811   Thumb Code    66  apm32f00x_tmr2.o(i.TMR2_ConfigOutputComare3)
    TMR2_ConfigOutputCompare                 0x00000859   Thumb Code    42  apm32f00x_tmr2.o(i.TMR2_ConfigOutputCompare)
    TMR2_ConfigTimerBase                     0x00000885   Thumb Code    26  apm32f00x_tmr2.o(i.TMR2_ConfigTimerBase)
    TMR2_Enable                              0x000008a5   Thumb Code    12  apm32f00x_tmr2.o(i.TMR2_Enable)
    TMR2_Init                                0x000008b5   Thumb Code    78  beep.o(i.TMR2_Init)
    USART2_RX_IRQHandler                     0x00000909   Thumb Code     8  apm32f00x_int.o(i.USART2_RX_IRQHandler)
    USART2_RxIsr                             0x00000911   Thumb Code    54  uart.o(i.USART2_RxIsr)
    USART2_TX_IRQHandler                     0x00000959   Thumb Code     8  apm32f00x_int.o(i.USART2_TX_IRQHandler)
    USART2_TxIsr                             0x00000961   Thumb Code    52  uart.o(i.USART2_TxIsr)
    USART_DisableInterrupt                   0x000009a5   Thumb Code    48  apm32f00x_usart.o(i.USART_DisableInterrupt)
    USART_ReadIntFlag                        0x000009d5   Thumb Code    52  apm32f00x_usart.o(i.USART_ReadIntFlag)
    USART_RxData8                            0x00000a09   Thumb Code     6  apm32f00x_usart.o(i.USART_RxData8)
    USART_TxData8                            0x00000a0f   Thumb Code    12  apm32f00x_usart.o(i.USART_TxData8)
    main                                     0x00000a1d   Thumb Code    94  main.o(i.main)
    APM_MINI_LED                             0x00000a90   Data          32  board.o(.constdata)
    APM_MINI_BUTTON                          0x00000ab0   Data          32  board.o(.constdata)
    APM_MINI_COM                             0x00000ad0   Data          60  board.o(.constdata)
    Region$$Table$$Base                      0x00000b0c   Number         0  anon$$obj.o(Region$$Table)
    Region$$Table$$Limit                     0x00000b2c   Number         0  anon$$obj.o(Region$$Table)
    __delayStack                             0x20000000   Data           1  board.o(.data)
    __delayCnt                               0x20000004   Data           4  board.o(.data)
    a                                        0x20000008   Data           4  eint.o(.data)
    b                                        0x2000000c   Data           4  eint.o(.data)
    c                                        0x20000010   Data           4  eint.o(.data)
    d                                        0x20000014   Data           4  eint.o(.data)
    txDataPt                                 0x20000018   Data           1  uart.o(.data)
    rxDataPt                                 0x20000019   Data           1  uart.o(.data)
    sysTick                                  0x2000001c   Data           4  main.o(.data)
    txDataBufUSART2                          0x20000020   Data          32  uart.o(.bss)
    rxDataBufUSART2                          0x20000040   Data          32  uart.o(.bss)
    __libspace_start                         0x20000060   Data          96  libspace.o(.bss)
    __temporary_stack_top$libspace           0x200000c0   Data           0  libspace.o(.bss)



==============================================================================

Memory Map of the image

  Image Entry point : 0x000000bd

  Load Region LR_IROM1 (Base: 0x00000000, Size: 0x00000b4c, Max: 0x00008000, ABSOLUTE)

    Execution Region ER_IROM1 (Base: 0x00000000, Size: 0x00000b2c, Max: 0x00008000, ABSOLUTE)

    Base Addr    Size         Type   Attr      Idx    E Section Name        Object

    0x00000000   0x000000bc   Data   RO           48    RESET               startup_apm32f00x.o
    0x000000bc   0x00000008   Code   RO         3757  * !!!main             c_p.l(__main.o)
    0x000000c4   0x0000003c   Code   RO         4122    !!!scatter          c_p.l(__scatter.o)
    0x00000100   0x0000001a   Code   RO         4124    !!handler_copy      c_p.l(__scatter_copy.o)
    0x0000011a   0x00000002   PAD
    0x0000011c   0x0000001c   Code   RO         4126    !!handler_zi        c_p.l(__scatter_zi.o)
    0x00000138   0x00000002   Code   RO         3929    .ARM.Collect$$libinit$$00000000  c_p.l(libinit.o)
    0x0000013a   0x00000000   Code   RO         3931    .ARM.Collect$$libinit$$00000002  c_p.l(libinit2.o)
    0x0000013a   0x00000000   Code   RO         3933    .ARM.Collect$$libinit$$00000004  c_p.l(libinit2.o)
    0x0000013a   0x00000000   Code   RO         3936    .ARM.Collect$$libinit$$0000000A  c_p.l(libinit2.o)
    0x0000013a   0x00000000   Code   RO         3938    .ARM.Collect$$libinit$$0000000C  c_p.l(libinit2.o)
    0x0000013a   0x00000000   Code   RO         3940    .ARM.Collect$$libinit$$0000000E  c_p.l(libinit2.o)
    0x0000013a   0x00000000   Code   RO         3943    .ARM.Collect$$libinit$$00000011  c_p.l(libinit2.o)
    0x0000013a   0x00000000   Code   RO         3945    .ARM.Collect$$libinit$$00000013  c_p.l(libinit2.o)
    0x0000013a   0x00000000   Code   RO         3947    .ARM.Collect$$libinit$$00000015  c_p.l(libinit2.o)
    0x0000013a   0x00000000   Code   RO         3949    .ARM.Collect$$libinit$$00000017  c_p.l(libinit2.o)
    0x0000013a   0x00000000   Code   RO         3951    .ARM.Collect$$libinit$$00000019  c_p.l(libinit2.o)
    0x0000013a   0x00000000   Code   RO         3953    .ARM.Collect$$libinit$$0000001B  c_p.l(libinit2.o)
    0x0000013a   0x00000000   Code   RO         3955    .ARM.Collect$$libinit$$0000001D  c_p.l(libinit2.o)
    0x0000013a   0x00000000   Code   RO         3957    .ARM.Collect$$libinit$$0000001F  c_p.l(libinit2.o)
    0x0000013a   0x00000000   Code   RO         3959    .ARM.Collect$$libinit$$00000021  c_p.l(libinit2.o)
    0x0000013a   0x00000000   Code   RO         3961    .ARM.Collect$$libinit$$00000023  c_p.l(libinit2.o)
    0x0000013a   0x00000000   Code   RO         3963    .ARM.Collect$$libinit$$00000025  c_p.l(libinit2.o)
    0x0000013a   0x00000000   Code   RO         3967    .ARM.Collect$$libinit$$0000002C  c_p.l(libinit2.o)
    0x0000013a   0x00000000   Code   RO         3969    .ARM.Collect$$libinit$$0000002E  c_p.l(libinit2.o)
    0x0000013a   0x00000000   Code   RO         3971    .ARM.Collect$$libinit$$00000030  c_p.l(libinit2.o)
    0x0000013a   0x00000000   Code   RO         3973    .ARM.Collect$$libinit$$00000032  c_p.l(libinit2.o)
    0x0000013a   0x00000002   Code   RO         3974    .ARM.Collect$$libinit$$00000033  c_p.l(libinit2.o)
    0x0000013c   0x00000002   Code   RO         4103    .ARM.Collect$$libshutdown$$00000000  c_p.l(libshutdown.o)
    0x0000013e   0x00000000   Code   RO         3977    .ARM.Collect$$libshutdown$$00000003  c_p.l(libshutdown2.o)
    0x0000013e   0x00000000   Code   RO         3980    .ARM.Collect$$libshutdown$$00000006  c_p.l(libshutdown2.o)
    0x0000013e   0x00000000   Code   RO         3983    .ARM.Collect$$libshutdown$$00000009  c_p.l(libshutdown2.o)
    0x0000013e   0x00000000   Code   RO         3985    .ARM.Collect$$libshutdown$$0000000B  c_p.l(libshutdown2.o)
    0x0000013e   0x00000000   Code   RO         3988    .ARM.Collect$$libshutdown$$0000000E  c_p.l(libshutdown2.o)
    0x0000013e   0x00000002   Code   RO         3989    .ARM.Collect$$libshutdown$$0000000F  c_p.l(libshutdown2.o)
    0x00000140   0x00000000   Code   RO         3776    .ARM.Collect$$rtentry$$00000000  c_p.l(__rtentry.o)
    0x00000140   0x00000000   Code   RO         3797    .ARM.Collect$$rtentry$$00000002  c_p.l(__rtentry2.o)
    0x00000140   0x00000006   Code   RO         3809    .ARM.Collect$$rtentry$$00000004  c_p.l(__rtentry4.o)
    0x00000146   0x00000000   Code   RO         3799    .ARM.Collect$$rtentry$$00000009  c_p.l(__rtentry2.o)
    0x00000146   0x00000004   Code   RO         3800    .ARM.Collect$$rtentry$$0000000A  c_p.l(__rtentry2.o)
    0x0000014a   0x00000000   Code   RO         3802    .ARM.Collect$$rtentry$$0000000C  c_p.l(__rtentry2.o)
    0x0000014a   0x00000008   Code   RO         3803    .ARM.Collect$$rtentry$$0000000D  c_p.l(__rtentry2.o)
    0x00000152   0x00000002   Code   RO         3998    .ARM.Collect$$rtexit$$00000000  c_p.l(rtexit.o)
    0x00000154   0x00000000   Code   RO         4054    .ARM.Collect$$rtexit$$00000002  c_p.l(rtexit2.o)
    0x00000154   0x00000004   Code   RO         4055    .ARM.Collect$$rtexit$$00000003  c_p.l(rtexit2.o)
    0x00000158   0x00000006   Code   RO         4056    .ARM.Collect$$rtexit$$00000004  c_p.l(rtexit2.o)
    0x0000015e   0x00000002   PAD
    0x00000160   0x00000044   Code   RO           49    .text               startup_apm32f00x.o
    0x000001a4   0x0000015a   Code   RO         3751    .text               c_p.l(aeabi_sdiv.o)
    0x000002fe   0x00000006   Code   RO         3755    .text               c_p.l(heapauxi.o)
    0x00000304   0x00000008   Code   RO         3835    .text               c_p.l(libspace.o)
    0x0000030c   0x0000003e   Code   RO         3840    .text               c_p.l(sys_stackheap_outer.o)
    0x0000034a   0x0000000c   Code   RO         3912    .text               c_p.l(exit.o)
    0x00000356   0x00000002   Code   RO         3994    .text               c_p.l(use_no_semi.o)
    0x00000358   0x00000000   Code   RO         3996    .text               c_p.l(indicate_semi.o)
    0x00000358   0x0000000c   Code   RO         4051    .text               c_p.l(sys_exit.o)
    0x00000364   0x00000048   Code   RO         2648    i.APM_Delay         board.o
    0x000003ac   0x00000048   Code   RO         2649    i.APM_DelayInit     board.o
    0x000003f4   0x00000028   Code   RO         2651    i.APM_MINI_LEDInit  board.o
    0x0000041c   0x00000018   Code   RO         2654    i.APM_MINI_LEDToggle  board.o
    0x00000434   0x00000018   Code   RO         2656    i.APM_MINI_ReadPBState  board.o
    0x0000044c   0x00000008   Code   RO         3675    i.EINTD_IRQHandler  apm32f00x_int.o
    0x00000454   0x00000010   Code   RO          353    i.EINT_ClearIntFlag  apm32f00x_eint.o
    0x00000464   0x0000007c   Code   RO          675    i.FMC_ConfigOptionByteAFR  apm32f00x_fmc.o
    0x000004e0   0x00000074   Code   RO          692    i.FMC_EraseOptionByte  apm32f00x_fmc.o
    0x00000554   0x00000010   Code   RO          694    i.FMC_Lock          apm32f00x_fmc.o
    0x00000564   0x0000002e   Code   RO         3621    i.FMC_OPT           main.o
    0x00000592   0x00000002   PAD
    0x00000594   0x00000024   Code   RO          702    i.FMC_ReadState     apm32f00x_fmc.o
    0x000005b8   0x00000018   Code   RO          706    i.FMC_Unlock        apm32f00x_fmc.o
    0x000005d0   0x0000001c   Code   RO          707    i.FMC_WaitForReady  apm32f00x_fmc.o
    0x000005ec   0x0000004e   Code   RO           56    i.GPIO_Config       apm32f00x_gpio.o
    0x0000063a   0x0000000a   Code   RO           60    i.GPIO_ReadInputBit  apm32f00x_gpio.o
    0x00000644   0x00000008   Code   RO           65    i.GPIO_Toggle       apm32f00x_gpio.o
    0x0000064c   0x00000002   Code   RO         3676    i.HardFault_Handler  apm32f00x_int.o
    0x0000064e   0x00000002   PAD
    0x00000650   0x00000058   Code   RO         2739    i.Key_Isr           eint.o
    0x000006a8   0x00000002   Code   RO         3677    i.NMI_Handler       apm32f00x_int.o
    0x000006aa   0x00000002   Code   RO         3678    i.PendSV_Handler    apm32f00x_int.o
    0x000006ac   0x0000004c   Code   RO          168    i.RCM_GetMasterClockFreq  apm32f00x_rcm.o
    0x000006f8   0x00000002   Code   RO         3679    i.SVC_Handler       apm32f00x_int.o
    0x000006fa   0x00000002   PAD
    0x000006fc   0x0000001c   Code   RO         3680    i.SysTick_Handler   apm32f00x_int.o
    0x00000718   0x00000068   Code   RO            3    i.SystemInit        system_apm32f00x.o
    0x00000780   0x00000048   Code   RO         1821    i.TMR2_ConfigOutputComare1  apm32f00x_tmr2.o
    0x000007c8   0x00000048   Code   RO         1822    i.TMR2_ConfigOutputComare2  apm32f00x_tmr2.o
    0x00000810   0x00000048   Code   RO         1823    i.TMR2_ConfigOutputComare3  apm32f00x_tmr2.o
    0x00000858   0x0000002a   Code   RO         1824    i.TMR2_ConfigOutputCompare  apm32f00x_tmr2.o
    0x00000882   0x00000002   PAD
    0x00000884   0x00000020   Code   RO         1828    i.TMR2_ConfigTimerBase  apm32f00x_tmr2.o
    0x000008a4   0x00000010   Code   RO         1837    i.TMR2_Enable       apm32f00x_tmr2.o
    0x000008b4   0x00000054   Code   RO         3507    i.TMR2_Init         beep.o
    0x00000908   0x00000008   Code   RO         3681    i.USART2_RX_IRQHandler  apm32f00x_int.o
    0x00000910   0x00000048   Code   RO         3468    i.USART2_RxIsr      uart.o
    0x00000958   0x00000008   Code   RO         3682    i.USART2_TX_IRQHandler  apm32f00x_int.o
    0x00000960   0x00000044   Code   RO         3469    i.USART2_TxIsr      uart.o
    0x000009a4   0x00000030   Code   RO         2308    i.USART_DisableInterrupt  apm32f00x_usart.o
    0x000009d4   0x00000034   Code   RO         2322    i.USART_ReadIntFlag  apm32f00x_usart.o
    0x00000a08   0x00000006   Code   RO         2325    i.USART_RxData8     apm32f00x_usart.o
    0x00000a0e   0x0000000c   Code   RO         2328    i.USART_TxData8     apm32f00x_usart.o
    0x00000a1a   0x00000002   PAD
    0x00000a1c   0x00000074   Code   RO         3623    i.main              main.o
    0x00000a90   0x0000007c   Data   RO         2657    .constdata          board.o
    0x00000b0c   0x00000020   Data   RO         4120    Region$$Table       anon$$obj.o


    Execution Region RW_IRAM1 (Base: 0x20000000, Size: 0x000006c0, Max: 0x00001000, ABSOLUTE)

    Base Addr    Size         Type   Attr      Idx    E Section Name        Object

    0x20000000   0x00000008   Data   RW         2658    .data               board.o
    0x20000008   0x00000010   Data   RW         2740    .data               eint.o
    0x20000018   0x00000002   Data   RW         3472    .data               uart.o
    0x2000001a   0x00000002   PAD
    0x2000001c   0x00000004   Data   RW         3625    .data               main.o
    0x20000020   0x00000040   Zero   RW         3471    .bss                uart.o
    0x20000060   0x00000060   Zero   RW         3836    .bss                c_p.l(libspace.o)
    0x200000c0   0x00000200   Zero   RW           47    HEAP                startup_apm32f00x.o
    0x200002c0   0x00000400   Zero   RW           46    STACK               startup_apm32f00x.o


==============================================================================

Image component sizes


      Code (inc. data)   RO Data    RW Data    ZI Data      Debug   Object Name

        16          6          0          0          0       1416   apm32f00x_eint.o
       344         48          0          0          0       8077   apm32f00x_fmc.o
        96          0          0          0          0       3580   apm32f00x_gpio.o
        60         10          0          0          0       4582   apm32f00x_int.o
        76         14          0          0          0       3581   apm32f00x_rcm.o
       306         28          0          0          0       7477   apm32f00x_tmr2.o
       118          0          0          0          0       5545   apm32f00x_usart.o
        84          6          0          0          0        672   beep.o
       232         36        124          8          0      15695   board.o
        88          6          0         16          0      25380   eint.o
       162         22          0          4          0      11041   main.o
        68         32        188          0       1536        772   startup_apm32f00x.o
       104         12          0          0          0      30125   system_apm32f00x.o
       140         34          0          2         64       1790   uart.o

    ----------------------------------------------------------------------
      1904        254        344         32       1600     119733   Object Totals
         0          0         32          0          0          0   (incl. Generated)
        10          0          0          2          0          0   (incl. Padding)

    ----------------------------------------------------------------------

      Code (inc. data)   RO Data    RW Data    ZI Data      Debug   Library Member Name

         8          0          0          0          0         68   __main.o
         0          0          0          0          0          0   __rtentry.o
        12          0          0          0          0          0   __rtentry2.o
         6          0          0          0          0          0   __rtentry4.o
        60          8          0          0          0          0   __scatter.o
        26          0          0          0          0          0   __scatter_copy.o
        28          0          0          0          0          0   __scatter_zi.o
       346          0          0          0          0         92   aeabi_sdiv.o
        12          0          0          0          0         64   exit.o
         6          0          0          0          0        136   heapauxi.o
         0          0          0          0          0          0   indicate_semi.o
         2          0          0          0          0          0   libinit.o
         2          0          0          0          0          0   libinit2.o
         2          0          0          0          0          0   libshutdown.o
         2          0          0          0          0          0   libshutdown2.o
         8          4          0          0         96         68   libspace.o
         2          0          0          0          0          0   rtexit.o
        10          0          0          0          0          0   rtexit2.o
        12          4          0          0          0         60   sys_exit.o
        62          0          0          0          0         80   sys_stackheap_outer.o
         2          0          0          0          0         68   use_no_semi.o

    ----------------------------------------------------------------------
       612         16          0          0         96        636   Library Totals
         4          0          0          0          0          0   (incl. Padding)

    ----------------------------------------------------------------------

      Code (inc. data)   RO Data    RW Data    ZI Data      Debug   Library Name

       608         16          0          0         96        636   c_p.l

    ----------------------------------------------------------------------
       612         16          0          0         96        636   Library Totals

    ----------------------------------------------------------------------

==============================================================================


      Code (inc. data)   RO Data    RW Data    ZI Data      Debug   

      2516        270        344         32       1696     118597   Grand Totals
      2516        270        344         32       1696     118597   ELF Image Totals
      2516        270        344         32          0          0   ROM Totals

==============================================================================

    Total RO  Size (Code + RO Data)                 2860 (   2.79kB)
    Total RW  Size (RW Data + ZI Data)              1728 (   1.69kB)
    Total ROM Size (Code + RO Data + RW Data)       2892 (   2.82kB)

==============================================================================

